******************************************************************************
                  TI ARM Linker PC v5.2.5                      
******************************************************************************
>> Linked Tue Feb 02 21:47:44 2016

OUTPUT FILE NAME:   <Lab2.out>
ENTRY POINT SYMBOL: "_c_int00"  address: 200086e1


MEMORY CONFIGURATION

         name            origin    length      used     unused   attr    fill
----------------------  --------  ---------  --------  --------  ----  --------
  SRAM_CODE             20004000   00013000  00005b8e  0000d472  RW X
  SRAM_DATA             20017000   00019000  00001178  00017e88  RW X


SEGMENT ALLOCATION MAP

run origin  load origin   length   init length attrs members
----------  ----------- ---------- ----------- ----- -------
20004000    20004000    00005b90   00005b90    r-x
  20004000    20004000    00000400   00000400    r-- .intvecs
  20004400    20004400    000049e6   000049e6    r-x .text
  20008de8    20008de8    00000d20   00000d20    r-- .const
  20009b08    20009b08    00000088   00000088    r-- .cinit
20017000    20017000    00000978   00000000    rw-
  20017000    20017000    00000800   00000000    rw- .sysmem
  20017800    20017800    00000174   00000000    rw- .data
  20017974    20017974    00000004   00000000    rw- .bss
2002f800    2002f800    00000800   00000000    rw-
  2002f800    2002f800    00000800   00000000    rw- .stack


SECTION ALLOCATION MAP

 output                                  attributes/
section   page    origin      length       input sections
--------  ----  ----------  ----------   ----------------
.intvecs   0    20004000    00000400     
                  20004000    00000400     startup_ccs.obj (.intvecs)

.init_array 
*          0    20004000    00000000     UNINITIALIZED

.text      0    20004400    000049e6     
                  20004400    000010ba     rtsv7M4_T_le_v4SPD16_eabi.lib : _printfi.obj (.text)
                  200054ba    00000002     --HOLE-- [fill = 0]
                  200054bc    00000a80     Adafruit_GFX.obj (.text)
                  20005f3c    00000712     test.obj (.text)
                  2000664e    00000002     --HOLE-- [fill = 0]
                  20006650    00000488     main.obj (.text)
                  20006ad8    0000047a     Adafruit_OLED.obj (.text)
                  20006f52    00000002     --HOLE-- [fill = 0]
                  20006f54    000003dc     rtsv7M4_T_le_v4SPD16_eabi.lib : memory.obj (.text)
                  20007330    00000280     uart_if.obj (.text)
                  200075b0    000001f4     rtsv7M4_T_le_v4SPD16_eabi.lib : ull_div_t2.obj (.text)
                  200077a4    000001b6                                   : fd_add_t2.obj (.text)
                  2000795a    00000136                                   : fd_div_t2.obj (.text)
                  20007a90    00000134     driverlib.a : prcm.obj (.text:PRCMCC3200MCUInit)
                  20007bc4    00000110     rtsv7M4_T_le_v4SPD16_eabi.lib : xdscale.obj (.text)
                  20007cd4    000000fc                                   : fd_mul_t2.obj (.text)
                  20007dd0    000000be                                   : xdnorm.obj (.text)
                  20007e8e    00000002     --HOLE-- [fill = 0]
                  20007e90    000000a8     driverlib.a : interrupt.obj (.text:IntEnable)
                  20007f38    000000a0                 : spi.obj (.text:SPIConfigSetExpClk)
                  20007fd8    0000009c     rtsv7M4_T_le_v4SPD16_eabi.lib : memcpy_t2.obj (.text)
                  20008074    00000094     driverlib.a : prcm.obj (.text:PRCMPeripheralClockGet)
                  20008108    00000090     pin_mux_config.obj (.text)
                  20008198    00000088     driverlib.a : pin.obj (.text:PinConfigSet)
                  20008220    00000088     rtsv7M4_T_le_v4SPD16_eabi.lib : vsnprintf.obj (.text)
                  200082a8    00000086                                   : fd_cmp_t2.obj (.text:__aeabi_cdcmple)
                  2000832e    00000086                                   : fd_cmp_t2.obj (.text:__aeabi_cdrcmple)
                  200083b4    0000007a                                   : memset_t2.obj (.text)
                  2000842e    00000076     driverlib.a : uart.obj (.text:UARTConfigSetExpClk)
                  200084a4    0000006c     rtsv7M4_T_le_v4SPD16_eabi.lib : autoinit.obj (.text)
                  20008510    0000006a                                   : copy_decompress_rle.obj (.text)
                  2000857a    00000066                                   : xdunscal.obj (.text)
                  200085e0    00000058     driverlib.a : prcm.obj (.text:PRCMPeripheralReset)
                  20008638    00000056     rtsv7M4_T_le_v4SPD16_eabi.lib : ltoa.obj (.text)
                  2000868e    00000052                                   : ldexp.obj (.text)
                  200086e0    00000050                                   : boot.obj (.text)
                  20008730    0000004c                                   : atoi.obj (.text)
                  2000877c    0000004c                                   : cpy_tbl.obj (.text)
                  200087c8    00000048                                   : fd_toi_t2.obj (.text)
                  20008810    00000044                                   : exit.obj (.text)
                  20008854    00000040     driverlib.a : pin.obj (.text:PinModeSet)
                  20008894    00000040     rtsv7M4_T_le_v4SPD16_eabi.lib : signal.obj (.text)
                  200088d4    0000003c     driverlib.a : prcm.obj (.text:PRCMPeripheralClkEnable)
                  20008910    00000036                 : gpio.obj (.text:GPIODirModeSet)
                  20008946    00000002     --HOLE-- [fill = 0]
                  20008948    00000034     rtsv7M4_T_le_v4SPD16_eabi.lib : feraiseexcept.obj (.text)
                  2000897c    00000030     driverlib.a : pin.obj (.text:PinTypeGPIO)
                  200089ac    00000030                 : uart.obj (.text:UARTDisable)
                  200089dc    00000030     rtsv7M4_T_le_v4SPD16_eabi.lib : xdclass.obj (.text)
                  20008a0c    00000030                                   : xferaise.obj (.text)
                  20008a3c    0000002e                                   : i_tofd_t2.obj (.text)
                  20008a6a    0000002e                                   : raise.obj (.text)
                  20008a98    0000002c     driverlib.a : prcm.obj (.text:PRCMSysResetCauseGet)
                  20008ac4    0000002a     rtsv7M4_T_le_v4SPD16_eabi.lib : frexp.obj (.text)
                  20008aee    00000002     --HOLE-- [fill = 0]
                  20008af0    00000028     driverlib.a : prcm.obj (.text:PRCMPeripheralClkDisable)
                  20008b18    00000024                 : uart.obj (.text:UARTEnable)
                  20008b3c    00000024     rtsv7M4_T_le_v4SPD16_eabi.lib : memmov.obj (.text)
                  20008b60    00000022     driverlib.a : spi.obj (.text:SPIReset)
                  20008b82    00000020                 : gpio.obj (.text:GPIOPinWrite)
                  20008ba2    00000020                 : spi.obj (.text:SPIDataGet)
                  20008bc2    0000001e                 : spi.obj (.text:SPIDataPut)
                  20008be0    0000001e                 : uart.obj (.text:UARTCharPut)
                  20008bfe    0000001c                 : uart.obj (.text:UARTCharGetNonBlocking)
                  20008c1a    0000001c     rtsv7M4_T_le_v4SPD16_eabi.lib : memccpy.obj (.text)
                  20008c36    0000001a     driverlib.a : pin.obj (.text:PinTypeSPI)
                  20008c50    0000001a                 : pin.obj (.text:PinTypeUART)
                  20008c6a    0000001a                 : spi.obj (.text:SPIFIFOEnable)
                  20008c84    00000018                 : spi.obj (.text:SPICSDisable)
                  20008c9c    00000018                 : spi.obj (.text:SPICSEnable)
                  20008cb4    00000018                 : spi.obj (.text:SPIEnable)
                  20008ccc    00000018                 : uart.obj (.text:UARTCharsAvail)
                  20008ce4    00000018     rtsv7M4_T_le_v4SPD16_eabi.lib : args_main.obj (.text)
                  20008cfc    00000016     driverlib.a : prcm.obj (.text:PRCMHIBRegRead)
                  20008d12    00000016                 : prcm.obj (.text:PRCMHIBRegWrite)
                  20008d28    00000016                 : uart.obj (.text:UARTCharGet)
                  20008d3e    00000016     rtsv7M4_T_le_v4SPD16_eabi.lib : strchr.obj (.text)
                  20008d54    00000014     driverlib.a : cpu.obj (.text:CPUcpsie)
                  20008d68    00000014                 : interrupt.obj (.text:IntVTableBaseSet)
                  20008d7c    00000014     rtsv7M4_T_le_v4SPD16_eabi.lib : _lock.obj (.text)
                  20008d90    00000014                                   : strlen.obj (.text)
                  20008da4    0000000e                                   : copy_decompress_none.obj (.text:decompress:none)
                  20008db2    0000000e     startup_ccs.obj (.text)
                  20008dc0    0000000c     rtsv7M4_T_le_v4SPD16_eabi.lib : copy_zero_init.obj (.text:decompress:ZI)
                  20008dcc    0000000a     driverlib.a : interrupt.obj (.text:IntMasterEnable)
                  20008dd6    00000006                 : utils.obj (.text:UtilsDelay)
                  20008ddc    00000006     rtsv7M4_T_le_v4SPD16_eabi.lib : copy_decompress_rle.obj (.text:decompress:rle24)
                  20008de2    00000004                                   : pre_init.obj (.text)

.const     0    20008de8    00000d20     
                  20008de8    000004fb     Adafruit_GFX.obj (.const:.string:font)
                  200092e3    000004fb     main.obj (.const:.string:font)
                  200097de    00000101     rtsv7M4_T_le_v4SPD16_eabi.lib : ctype.obj (.const:.string:_ctypes_)
                  200098df    00000001     --HOLE-- [fill = 0]
                  200098e0    00000100     driverlib.a : pin.obj (.const:g_ulPinToPadMap)
                  200099e0    000000a8                 : prcm.obj (.const:PRCM_PeriphRegsList)
                  20009a88    00000080                 : interrupt.obj (.const)

.cinit     0    20009b08    00000088     
                  20009b08    0000005e     (.cinit..data.load) [load image, compression = rle]
                  20009b66    00000002     --HOLE-- [fill = 0]
                  20009b68    0000000c     (__TI_handler_table)
                  20009b74    00000004     --HOLE-- [fill = 0]
                  20009b78    00000008     (.cinit..bss.load) [load image, compression = zero_init]
                  20009b80    00000010     (__TI_cinit_table)

.sysmem    0    20017000    00000800     UNINITIALIZED
                  20017000    00000008     rtsv7M4_T_le_v4SPD16_eabi.lib : memory.obj (.sysmem)
                  20017008    000007f8     --HOLE--

.data      0    20017800    00000174     UNINITIALIZED
                  20017800    000000b0     rtsv7M4_T_le_v4SPD16_eabi.lib : signal.obj (.data:sigtable)
                  200178b0    00000080                                   : xvalues.obj (.data)
                  20017930    00000015     Adafruit_GFX.obj (.data)
                  20017945    00000003     --HOLE--
                  20017948    0000000c     rtsv7M4_T_le_v4SPD16_eabi.lib : memory.obj (.data)
                  20017954    00000008                                   : _lock.obj (.data)
                  2001795c    00000008                                   : exit.obj (.data)
                  20017964    00000008                                   : feraiseexcept.obj (.data)
                  2001796c    00000004                                   : errno.obj (.data)
                  20017970    00000004                                   : stkdepth_vars.obj (.data)

.TI.persistent 
*          0    20017800    00000000     UNINITIALIZED

.bss       0    20017974    00000004     UNINITIALIZED
                  20017974    00000004     (.common:__Errorlog)

.TI.noinit 
*          0    20017974    00000000     UNINITIALIZED

.stack     0    2002f800    00000800     UNINITIALIZED
                  2002f800    00000800     --HOLE--


LINKER GENERATED COPY TABLES

__TI_cinit_table @ 20009b80 records: 2, size/record: 8, table size: 16
	.data: load addr=20009b08, load size=0000005e bytes, run addr=20017800, run size=00000174 bytes, compression=rle
	.bss: load addr=20009b78, load size=00000008 bytes, run addr=20017974, run size=00000004 bytes, compression=zero_init


LINKER GENERATED HANDLER TABLE

__TI_handler_table @ 20009b68 records: 3, size/record: 4, table size: 12
	index: 0, handler: __TI_decompress_rle24
	index: 1, handler: __TI_decompress_none
	index: 2, handler: __TI_zero_init


GLOBAL SYMBOLS: SORTED ALPHABETICALLY BY Name 

address   name                    
-------   ----                    
20006b3d  Adafruit_Init           
20008811  C$$EXIT                 
20008d55  CPUcpsie                
20007371  ClearTerm               
20006cb7  Color565                
20006789  CommunicateRoutine      
20006669  DemoRoutine             
2000737b  Error                   
20008911  GPIODirModeSet          
20008b83  GPIOPinWrite            
200073b3  GetCmd                  
20007331  InitTerm                
20007e91  IntEnable               
20008dcd  IntMasterEnable         
20008d69  IntVTableBaseSet        
2000734f  Message                 
20005e67  Outstr                  
20007a91  PRCMCC3200MCUInit       
20008cfd  PRCMHIBRegRead          
20008d13  PRCMHIBRegWrite         
20008af1  PRCMPeripheralClkDisable
200088d5  PRCMPeripheralClkEnable 
20008075  PRCMPeripheralClockGet  
200085e1  PRCMPeripheralReset     
20008a99  PRCMSysResetCauseGet    
20008199  PinConfigSet            
20008855  PinModeSet              
20008109  PinMuxConfig            
2000897d  PinTypeGPIO             
20008c37  PinTypeSPI              
20008c51  PinTypeUART             
200074f1  Report                  
20008db3  ResetISR                
UNDEFED   SHT$$INIT_ARRAY$$Base   
UNDEFED   SHT$$INIT_ARRAY$$Limit  
20008c85  SPICSDisable            
20008c9d  SPICSEnable             
20007f39  SPIConfigSetExpClk      
20008ba3  SPIDataGet              
20008bc3  SPIDataPut              
20008cb5  SPIEnable               
20008c6b  SPIFIFOEnable           
20008b61  SPIReset                
20007459  TrimSpace               
20008d29  UARTCharGet             
20008bff  UARTCharGetNonBlocking  
20008be1  UARTCharPut             
20008ccd  UARTCharsAvail          
2000842f  UARTConfigSetExpClk     
200089ad  UARTDisable             
20008b19  UARTEnable              
20008dd7  UtilsDelay              
200089dd  _Dclass                 
200178b0  _Denorm                 
20007dd1  _Dnorm                  
20007bc5  _Dscale                 
2000857b  _Dunscale               
200178c0  _Eps                    
2001796c  _Errno                  
20017964  _Fenv                   
20008a0d  _Feraise                
200178d0  _Hugeval                
200178e0  _Inf                    
200178f0  _Nan                    
20017910  _Rteps                  
20017900  _Snan                   
20017968  _Tls_setup__Fenv        
20017920  _Xbig                   
20017928  _Zero                   
20030000  __STACK_END             
00000800  __STACK_SIZE            
00000800  __SYSMEM_SIZE           
20009b80  __TI_CINIT_Base         
20009b90  __TI_CINIT_Limit        
20009b68  __TI_Handler_Table_Base 
20009b74  __TI_Handler_Table_Limit
200084a5  __TI_auto_init          
2001795c  __TI_cleanup_ptr        
20008da5  __TI_decompress_none    
20008ddd  __TI_decompress_rle24   
20017960  __TI_dtors_ptr          
200051b5  __TI_printfi            
20009b08  __TI_static_base__      
20008dc1  __TI_zero_init          
200082a9  __aeabi_cdcmpeq         
200082a9  __aeabi_cdcmple         
2000832f  __aeabi_cdrcmple        
200087c9  __aeabi_d2iz            
200077af  __aeabi_dadd            
2000795b  __aeabi_ddiv            
20007cd5  __aeabi_dmul            
200077a5  __aeabi_dsub            
20008a3d  __aeabi_i2d             
200083b5  __aeabi_memclr          
200083b5  __aeabi_memclr4         
200083b5  __aeabi_memclr8         
20007fd9  __aeabi_memcpy          
20007fd9  __aeabi_memcpy4         
20007fd9  __aeabi_memcpy8         
200083b7  __aeabi_memset          
200083b7  __aeabi_memset4         
200083b7  __aeabi_memset8         
200075b1  __aeabi_uldivmod        
ffffffff  __binit__               
ffffffff  __c_args__              
2002f800  __stack                 
20008ce5  _args_main              
200086e1  _c_int00                
200097de  _ctypes_                
20017954  _lock                   
20008d8b  _nop                    
20008d83  _register_lock          
20008d7d  _register_unlock        
20017000  _sys_memory             
20008de3  _system_pre_init        
20017958  _unlock                 
20008815  abort                   
20008731  atoi                    
ffffffff  binit                   
200072fd  calloc                  
2000877d  copy_in                 
20017930  cursor_x                
20017934  cursor_y                
20005f3d  delay                   
20005d1b  drawChar                
200054bd  drawCircle              
200055f1  drawCircleHelper        
20006e5d  drawFastHLine           
20006dc1  drawFastVLine           
20005837  drawLine                
20006ef9  drawPixel               
20005923  drawRect                
20005971  drawRoundRect           
20005ad9  drawTriangle            
2000881d  exit                    
20008949  feraiseexcept           
2000570f  fillCircle              
20005749  fillCircleHelper        
20006d0f  fillRect                
20005a5f  fillRoundRect           
20006cf9  fillScreen              
20005b1b  fillTriangle            
2000704b  free                    
20008ac5  frexp                   
20004000  g_pfnVectors            
20006c73  goTo                    
20005f1b  height                  
20006f37  invert                  
200064af  lcdTestPattern          
2000657f  lcdTestPattern2         
2000868f  ldexp                   
20008639  ltoa                    
20006991  main                    
20017970  main_func_sp            
20006fe3  malloc                  
20007219  memalign                
20008c1b  memccpy                 
20007fd9  memcpy                  
20008b3d  memmove                 
200083bd  memset                  
20006f55  minit                   
20008a6b  raise                   
2000710d  realloc                 
20005eb3  setCursor               
20005eeb  setTextColor            
20005ecb  setTextSize             
20005f03  setTextWrap             
20008895  signal                  
20008d3f  strchr                  
20008d91  strlen                  
20006173  testdrawcircles         
20005fe3  testdrawrects           
20005f71  testfastlines           
20006101  testfillcircles         
20006043  testfillrects           
200062e1  testlines               
2000626f  testroundrects          
200061ed  testtriangles           
20017940  textbgcolor             
2001793c  textcolor               
20017938  textsize                
20008221  vsnprintf               
20005f17  width                   
20017944  wrap                    
20006ad9  writeCommand            
20006b0b  writeData               


GLOBAL SYMBOLS: SORTED BY Symbol Address 

address   name                    
-------   ----                    
00000800  __STACK_SIZE            
00000800  __SYSMEM_SIZE           
20004000  g_pfnVectors            
200051b5  __TI_printfi            
200054bd  drawCircle              
200055f1  drawCircleHelper        
2000570f  fillCircle              
20005749  fillCircleHelper        
20005837  drawLine                
20005923  drawRect                
20005971  drawRoundRect           
20005a5f  fillRoundRect           
20005ad9  drawTriangle            
20005b1b  fillTriangle            
20005d1b  drawChar                
20005e67  Outstr                  
20005eb3  setCursor               
20005ecb  setTextSize             
20005eeb  setTextColor            
20005f03  setTextWrap             
20005f17  width                   
20005f1b  height                  
20005f3d  delay                   
20005f71  testfastlines           
20005fe3  testdrawrects           
20006043  testfillrects           
20006101  testfillcircles         
20006173  testdrawcircles         
200061ed  testtriangles           
2000626f  testroundrects          
200062e1  testlines               
200064af  lcdTestPattern          
2000657f  lcdTestPattern2         
20006669  DemoRoutine             
20006789  CommunicateRoutine      
20006991  main                    
20006ad9  writeCommand            
20006b0b  writeData               
20006b3d  Adafruit_Init           
20006c73  goTo                    
20006cb7  Color565                
20006cf9  fillScreen              
20006d0f  fillRect                
20006dc1  drawFastVLine           
20006e5d  drawFastHLine           
20006ef9  drawPixel               
20006f37  invert                  
20006f55  minit                   
20006fe3  malloc                  
2000704b  free                    
2000710d  realloc                 
20007219  memalign                
200072fd  calloc                  
20007331  InitTerm                
2000734f  Message                 
20007371  ClearTerm               
2000737b  Error                   
200073b3  GetCmd                  
20007459  TrimSpace               
200074f1  Report                  
200075b1  __aeabi_uldivmod        
200077a5  __aeabi_dsub            
200077af  __aeabi_dadd            
2000795b  __aeabi_ddiv            
20007a91  PRCMCC3200MCUInit       
20007bc5  _Dscale                 
20007cd5  __aeabi_dmul            
20007dd1  _Dnorm                  
20007e91  IntEnable               
20007f39  SPIConfigSetExpClk      
20007fd9  __aeabi_memcpy          
20007fd9  __aeabi_memcpy4         
20007fd9  __aeabi_memcpy8         
20007fd9  memcpy                  
20008075  PRCMPeripheralClockGet  
20008109  PinMuxConfig            
20008199  PinConfigSet            
20008221  vsnprintf               
200082a9  __aeabi_cdcmpeq         
200082a9  __aeabi_cdcmple         
2000832f  __aeabi_cdrcmple        
200083b5  __aeabi_memclr          
200083b5  __aeabi_memclr4         
200083b5  __aeabi_memclr8         
200083b7  __aeabi_memset          
200083b7  __aeabi_memset4         
200083b7  __aeabi_memset8         
200083bd  memset                  
2000842f  UARTConfigSetExpClk     
200084a5  __TI_auto_init          
2000857b  _Dunscale               
200085e1  PRCMPeripheralReset     
20008639  ltoa                    
2000868f  ldexp                   
200086e1  _c_int00                
20008731  atoi                    
2000877d  copy_in                 
200087c9  __aeabi_d2iz            
20008811  C$$EXIT                 
20008815  abort                   
2000881d  exit                    
20008855  PinModeSet              
20008895  signal                  
200088d5  PRCMPeripheralClkEnable 
20008911  GPIODirModeSet          
20008949  feraiseexcept           
2000897d  PinTypeGPIO             
200089ad  UARTDisable             
200089dd  _Dclass                 
20008a0d  _Feraise                
20008a3d  __aeabi_i2d             
20008a6b  raise                   
20008a99  PRCMSysResetCauseGet    
20008ac5  frexp                   
20008af1  PRCMPeripheralClkDisable
20008b19  UARTEnable              
20008b3d  memmove                 
20008b61  SPIReset                
20008b83  GPIOPinWrite            
20008ba3  SPIDataGet              
20008bc3  SPIDataPut              
20008be1  UARTCharPut             
20008bff  UARTCharGetNonBlocking  
20008c1b  memccpy                 
20008c37  PinTypeSPI              
20008c51  PinTypeUART             
20008c6b  SPIFIFOEnable           
20008c85  SPICSDisable            
20008c9d  SPICSEnable             
20008cb5  SPIEnable               
20008ccd  UARTCharsAvail          
20008ce5  _args_main              
20008cfd  PRCMHIBRegRead          
20008d13  PRCMHIBRegWrite         
20008d29  UARTCharGet             
20008d3f  strchr                  
20008d55  CPUcpsie                
20008d69  IntVTableBaseSet        
20008d7d  _register_unlock        
20008d83  _register_lock          
20008d8b  _nop                    
20008d91  strlen                  
20008da5  __TI_decompress_none    
20008db3  ResetISR                
20008dc1  __TI_zero_init          
20008dcd  IntMasterEnable         
20008dd7  UtilsDelay              
20008ddd  __TI_decompress_rle24   
20008de3  _system_pre_init        
200097de  _ctypes_                
20009b08  __TI_static_base__      
20009b68  __TI_Handler_Table_Base 
20009b74  __TI_Handler_Table_Limit
20009b80  __TI_CINIT_Base         
20009b90  __TI_CINIT_Limit        
20017000  _sys_memory             
200178b0  _Denorm                 
200178c0  _Eps                    
200178d0  _Hugeval                
200178e0  _Inf                    
200178f0  _Nan                    
20017900  _Snan                   
20017910  _Rteps                  
20017920  _Xbig                   
20017928  _Zero                   
20017930  cursor_x                
20017934  cursor_y                
20017938  textsize                
2001793c  textcolor               
20017940  textbgcolor             
20017944  wrap                    
20017954  _lock                   
20017958  _unlock                 
2001795c  __TI_cleanup_ptr        
20017960  __TI_dtors_ptr          
20017964  _Fenv                   
20017968  _Tls_setup__Fenv        
2001796c  _Errno                  
20017970  main_func_sp            
2002f800  __stack                 
20030000  __STACK_END             
ffffffff  __binit__               
ffffffff  __c_args__              
ffffffff  binit                   
UNDEFED   SHT$$INIT_ARRAY$$Base   
UNDEFED   SHT$$INIT_ARRAY$$Limit  

[186 symbols]
