<?xml version="1.0"?>
<link_info>
   <banner>TI ARM Linker PC v5.2.5</banner>
   <copyright>Copyright (c) 1996-2015 Texas Instruments Incorporated</copyright>
   <link_time>0x56b19480</link_time>
   <link_errors>0x0</link_errors>
   <output_file>Lab2.out</output_file>
   <entry_point>
      <name>_c_int00</name>
      <address>0x200086e1</address>
   </entry_point>
   <input_file_list>
      <input_file id="fl-2">
         <path>.\</path>
         <kind>object</kind>
         <file>Adafruit_GFX.obj</file>
         <name>Adafruit_GFX.obj</name>
      </input_file>
      <input_file id="fl-3">
         <path>.\</path>
         <kind>object</kind>
         <file>Adafruit_OLED.obj</file>
         <name>Adafruit_OLED.obj</name>
      </input_file>
      <input_file id="fl-4">
         <path>.\</path>
         <kind>object</kind>
         <file>main.obj</file>
         <name>main.obj</name>
      </input_file>
      <input_file id="fl-5">
         <path>.\</path>
         <kind>object</kind>
         <file>pin_mux_config.obj</file>
         <name>pin_mux_config.obj</name>
      </input_file>
      <input_file id="fl-6">
         <path>.\</path>
         <kind>object</kind>
         <file>startup_ccs.obj</file>
         <name>startup_ccs.obj</name>
      </input_file>
      <input_file id="fl-7">
         <path>.\</path>
         <kind>object</kind>
         <file>test.obj</file>
         <name>test.obj</name>
      </input_file>
      <input_file id="fl-8">
         <path>.\</path>
         <kind>object</kind>
         <file>uart_if.obj</file>
         <name>uart_if.obj</name>
      </input_file>
      <input_file id="fl-12f">
         <path>C:\ti\ccsv6\tools\compiler\ti-cgt-arm_5.2.5\lib\</path>
         <kind>archive</kind>
         <file>rtsv7M4_T_le_v4SPD16_eabi.lib</file>
         <name>boot.obj</name>
      </input_file>
      <input_file id="fl-130">
         <path>C:\ti\ccsv6\tools\compiler\ti-cgt-arm_5.2.5\lib\</path>
         <kind>archive</kind>
         <file>rtsv7M4_T_le_v4SPD16_eabi.lib</file>
         <name>copy_decompress_none.obj</name>
      </input_file>
      <input_file id="fl-131">
         <path>C:\ti\ccsv6\tools\compiler\ti-cgt-arm_5.2.5\lib\</path>
         <kind>archive</kind>
         <file>rtsv7M4_T_le_v4SPD16_eabi.lib</file>
         <name>copy_decompress_rle.obj</name>
      </input_file>
      <input_file id="fl-132">
         <path>C:\ti\ccsv6\tools\compiler\ti-cgt-arm_5.2.5\lib\</path>
         <kind>archive</kind>
         <file>rtsv7M4_T_le_v4SPD16_eabi.lib</file>
         <name>copy_zero_init.obj</name>
      </input_file>
      <input_file id="fl-133">
         <path>C:\ti\ccsv6\tools\compiler\ti-cgt-arm_5.2.5\lib\</path>
         <kind>archive</kind>
         <file>rtsv7M4_T_le_v4SPD16_eabi.lib</file>
         <name>exit.obj</name>
      </input_file>
      <input_file id="fl-134">
         <path>C:\ti\ccsv6\tools\compiler\ti-cgt-arm_5.2.5\lib\</path>
         <kind>archive</kind>
         <file>rtsv7M4_T_le_v4SPD16_eabi.lib</file>
         <name>memcpy_t2.obj</name>
      </input_file>
      <input_file id="fl-135">
         <path>C:\ti\ccsv6\tools\compiler\ti-cgt-arm_5.2.5\lib\</path>
         <kind>archive</kind>
         <file>rtsv7M4_T_le_v4SPD16_eabi.lib</file>
         <name>memmov.obj</name>
      </input_file>
      <input_file id="fl-136">
         <path>C:\ti\ccsv6\tools\compiler\ti-cgt-arm_5.2.5\lib\</path>
         <kind>archive</kind>
         <file>rtsv7M4_T_le_v4SPD16_eabi.lib</file>
         <name>memory.obj</name>
      </input_file>
      <input_file id="fl-137">
         <path>C:\ti\ccsv6\tools\compiler\ti-cgt-arm_5.2.5\lib\</path>
         <kind>archive</kind>
         <file>rtsv7M4_T_le_v4SPD16_eabi.lib</file>
         <name>memset_t2.obj</name>
      </input_file>
      <input_file id="fl-138">
         <path>C:\ti\ccsv6\tools\compiler\ti-cgt-arm_5.2.5\lib\</path>
         <kind>archive</kind>
         <file>rtsv7M4_T_le_v4SPD16_eabi.lib</file>
         <name>pre_init.obj</name>
      </input_file>
      <input_file id="fl-139">
         <path>C:\ti\ccsv6\tools\compiler\ti-cgt-arm_5.2.5\lib\</path>
         <kind>archive</kind>
         <file>rtsv7M4_T_le_v4SPD16_eabi.lib</file>
         <name>stkdepth_vars.obj</name>
      </input_file>
      <input_file id="fl-13a">
         <path>C:\ti\ccsv6\tools\compiler\ti-cgt-arm_5.2.5\lib\</path>
         <kind>archive</kind>
         <file>rtsv7M4_T_le_v4SPD16_eabi.lib</file>
         <name>strlen.obj</name>
      </input_file>
      <input_file id="fl-13b">
         <path>C:\ti\ccsv6\tools\compiler\ti-cgt-arm_5.2.5\lib\</path>
         <kind>archive</kind>
         <file>rtsv7M4_T_le_v4SPD16_eabi.lib</file>
         <name>vsnprintf.obj</name>
      </input_file>
      <input_file id="fl-13c">
         <path>C:\ti\ccsv6\tools\compiler\ti-cgt-arm_5.2.5\lib\</path>
         <kind>archive</kind>
         <file>rtsv7M4_T_le_v4SPD16_eabi.lib</file>
         <name>_lock.obj</name>
      </input_file>
      <input_file id="fl-13d">
         <path>C:\ti\ccsv6\tools\compiler\ti-cgt-arm_5.2.5\lib\</path>
         <kind>archive</kind>
         <file>rtsv7M4_T_le_v4SPD16_eabi.lib</file>
         <name>_printfi.obj</name>
      </input_file>
      <input_file id="fl-13e">
         <path>C:\ti\ccsv6\tools\compiler\ti-cgt-arm_5.2.5\lib\</path>
         <kind>archive</kind>
         <file>rtsv7M4_T_le_v4SPD16_eabi.lib</file>
         <name>args_main.obj</name>
      </input_file>
      <input_file id="fl-13f">
         <path>C:\ti\ccsv6\tools\compiler\ti-cgt-arm_5.2.5\lib\</path>
         <kind>archive</kind>
         <file>rtsv7M4_T_le_v4SPD16_eabi.lib</file>
         <name>atoi.obj</name>
      </input_file>
      <input_file id="fl-140">
         <path>C:\ti\ccsv6\tools\compiler\ti-cgt-arm_5.2.5\lib\</path>
         <kind>archive</kind>
         <file>rtsv7M4_T_le_v4SPD16_eabi.lib</file>
         <name>autoinit.obj</name>
      </input_file>
      <input_file id="fl-141">
         <path>C:\ti\ccsv6\tools\compiler\ti-cgt-arm_5.2.5\lib\</path>
         <kind>archive</kind>
         <file>rtsv7M4_T_le_v4SPD16_eabi.lib</file>
         <name>cpy_tbl.obj</name>
      </input_file>
      <input_file id="fl-142">
         <path>C:\ti\ccsv6\tools\compiler\ti-cgt-arm_5.2.5\lib\</path>
         <kind>archive</kind>
         <file>rtsv7M4_T_le_v4SPD16_eabi.lib</file>
         <name>ctype.obj</name>
      </input_file>
      <input_file id="fl-143">
         <path>C:\ti\ccsv6\tools\compiler\ti-cgt-arm_5.2.5\lib\</path>
         <kind>archive</kind>
         <file>rtsv7M4_T_le_v4SPD16_eabi.lib</file>
         <name>fd_add_t2.obj</name>
      </input_file>
      <input_file id="fl-144">
         <path>C:\ti\ccsv6\tools\compiler\ti-cgt-arm_5.2.5\lib\</path>
         <kind>archive</kind>
         <file>rtsv7M4_T_le_v4SPD16_eabi.lib</file>
         <name>fd_cmp_t2.obj</name>
      </input_file>
      <input_file id="fl-145">
         <path>C:\ti\ccsv6\tools\compiler\ti-cgt-arm_5.2.5\lib\</path>
         <kind>archive</kind>
         <file>rtsv7M4_T_le_v4SPD16_eabi.lib</file>
         <name>fd_div_t2.obj</name>
      </input_file>
      <input_file id="fl-146">
         <path>C:\ti\ccsv6\tools\compiler\ti-cgt-arm_5.2.5\lib\</path>
         <kind>archive</kind>
         <file>rtsv7M4_T_le_v4SPD16_eabi.lib</file>
         <name>fd_mul_t2.obj</name>
      </input_file>
      <input_file id="fl-147">
         <path>C:\ti\ccsv6\tools\compiler\ti-cgt-arm_5.2.5\lib\</path>
         <kind>archive</kind>
         <file>rtsv7M4_T_le_v4SPD16_eabi.lib</file>
         <name>fd_toi_t2.obj</name>
      </input_file>
      <input_file id="fl-148">
         <path>C:\ti\ccsv6\tools\compiler\ti-cgt-arm_5.2.5\lib\</path>
         <kind>archive</kind>
         <file>rtsv7M4_T_le_v4SPD16_eabi.lib</file>
         <name>frexp.obj</name>
      </input_file>
      <input_file id="fl-149">
         <path>C:\ti\ccsv6\tools\compiler\ti-cgt-arm_5.2.5\lib\</path>
         <kind>archive</kind>
         <file>rtsv7M4_T_le_v4SPD16_eabi.lib</file>
         <name>i_tofd_t2.obj</name>
      </input_file>
      <input_file id="fl-14a">
         <path>C:\ti\ccsv6\tools\compiler\ti-cgt-arm_5.2.5\lib\</path>
         <kind>archive</kind>
         <file>rtsv7M4_T_le_v4SPD16_eabi.lib</file>
         <name>ldexp.obj</name>
      </input_file>
      <input_file id="fl-14b">
         <path>C:\ti\ccsv6\tools\compiler\ti-cgt-arm_5.2.5\lib\</path>
         <kind>archive</kind>
         <file>rtsv7M4_T_le_v4SPD16_eabi.lib</file>
         <name>ltoa.obj</name>
      </input_file>
      <input_file id="fl-14c">
         <path>C:\ti\ccsv6\tools\compiler\ti-cgt-arm_5.2.5\lib\</path>
         <kind>archive</kind>
         <file>rtsv7M4_T_le_v4SPD16_eabi.lib</file>
         <name>memccpy.obj</name>
      </input_file>
      <input_file id="fl-14d">
         <path>C:\ti\ccsv6\tools\compiler\ti-cgt-arm_5.2.5\lib\</path>
         <kind>archive</kind>
         <file>rtsv7M4_T_le_v4SPD16_eabi.lib</file>
         <name>strchr.obj</name>
      </input_file>
      <input_file id="fl-14e">
         <path>C:\ti\ccsv6\tools\compiler\ti-cgt-arm_5.2.5\lib\</path>
         <kind>archive</kind>
         <file>rtsv7M4_T_le_v4SPD16_eabi.lib</file>
         <name>ull_div_t2.obj</name>
      </input_file>
      <input_file id="fl-14f">
         <path>C:\ti\ccsv6\tools\compiler\ti-cgt-arm_5.2.5\lib\</path>
         <kind>archive</kind>
         <file>rtsv7M4_T_le_v4SPD16_eabi.lib</file>
         <name>xdclass.obj</name>
      </input_file>
      <input_file id="fl-150">
         <path>C:\ti\ccsv6\tools\compiler\ti-cgt-arm_5.2.5\lib\</path>
         <kind>archive</kind>
         <file>rtsv7M4_T_le_v4SPD16_eabi.lib</file>
         <name>xdscale.obj</name>
      </input_file>
      <input_file id="fl-151">
         <path>C:\ti\ccsv6\tools\compiler\ti-cgt-arm_5.2.5\lib\</path>
         <kind>archive</kind>
         <file>rtsv7M4_T_le_v4SPD16_eabi.lib</file>
         <name>xdunscal.obj</name>
      </input_file>
      <input_file id="fl-152">
         <path>C:\ti\ccsv6\tools\compiler\ti-cgt-arm_5.2.5\lib\</path>
         <kind>archive</kind>
         <file>rtsv7M4_T_le_v4SPD16_eabi.lib</file>
         <name>xferaise.obj</name>
      </input_file>
      <input_file id="fl-153">
         <path>C:\ti\ccsv6\tools\compiler\ti-cgt-arm_5.2.5\lib\</path>
         <kind>archive</kind>
         <file>rtsv7M4_T_le_v4SPD16_eabi.lib</file>
         <name>xvalues.obj</name>
      </input_file>
      <input_file id="fl-154">
         <path>C:\ti\ccsv6\tools\compiler\ti-cgt-arm_5.2.5\lib\</path>
         <kind>archive</kind>
         <file>rtsv7M4_T_le_v4SPD16_eabi.lib</file>
         <name>errno.obj</name>
      </input_file>
      <input_file id="fl-155">
         <path>C:\ti\ccsv6\tools\compiler\ti-cgt-arm_5.2.5\lib\</path>
         <kind>archive</kind>
         <file>rtsv7M4_T_le_v4SPD16_eabi.lib</file>
         <name>feraiseexcept.obj</name>
      </input_file>
      <input_file id="fl-156">
         <path>C:\ti\ccsv6\tools\compiler\ti-cgt-arm_5.2.5\lib\</path>
         <kind>archive</kind>
         <file>rtsv7M4_T_le_v4SPD16_eabi.lib</file>
         <name>raise.obj</name>
      </input_file>
      <input_file id="fl-157">
         <path>C:\ti\ccsv6\tools\compiler\ti-cgt-arm_5.2.5\lib\</path>
         <kind>archive</kind>
         <file>rtsv7M4_T_le_v4SPD16_eabi.lib</file>
         <name>signal.obj</name>
      </input_file>
      <input_file id="fl-158">
         <path>C:\ti\ccsv6\tools\compiler\ti-cgt-arm_5.2.5\lib\</path>
         <kind>archive</kind>
         <file>rtsv7M4_T_le_v4SPD16_eabi.lib</file>
         <name>xdnorm.obj</name>
      </input_file>
      <input_file id="fl-159">
         <path>C:\ti\CC3200SDK_1.1.0\cc3200-sdk\example\spi_demo\ccs\..\..\..\driverlib\ccs\Release\</path>
         <kind>archive</kind>
         <file>driverlib.a</file>
         <name>gpio.obj</name>
      </input_file>
      <input_file id="fl-15a">
         <path>C:\ti\CC3200SDK_1.1.0\cc3200-sdk\example\spi_demo\ccs\..\..\..\driverlib\ccs\Release\</path>
         <kind>archive</kind>
         <file>driverlib.a</file>
         <name>interrupt.obj</name>
      </input_file>
      <input_file id="fl-15b">
         <path>C:\ti\CC3200SDK_1.1.0\cc3200-sdk\example\spi_demo\ccs\..\..\..\driverlib\ccs\Release\</path>
         <kind>archive</kind>
         <file>driverlib.a</file>
         <name>pin.obj</name>
      </input_file>
      <input_file id="fl-15c">
         <path>C:\ti\CC3200SDK_1.1.0\cc3200-sdk\example\spi_demo\ccs\..\..\..\driverlib\ccs\Release\</path>
         <kind>archive</kind>
         <file>driverlib.a</file>
         <name>prcm.obj</name>
      </input_file>
      <input_file id="fl-15d">
         <path>C:\ti\CC3200SDK_1.1.0\cc3200-sdk\example\spi_demo\ccs\..\..\..\driverlib\ccs\Release\</path>
         <kind>archive</kind>
         <file>driverlib.a</file>
         <name>spi.obj</name>
      </input_file>
      <input_file id="fl-15e">
         <path>C:\ti\CC3200SDK_1.1.0\cc3200-sdk\example\spi_demo\ccs\..\..\..\driverlib\ccs\Release\</path>
         <kind>archive</kind>
         <file>driverlib.a</file>
         <name>uart.obj</name>
      </input_file>
      <input_file id="fl-15f">
         <path>C:\ti\CC3200SDK_1.1.0\cc3200-sdk\example\spi_demo\ccs\..\..\..\driverlib\ccs\Release\</path>
         <kind>archive</kind>
         <file>driverlib.a</file>
         <name>utils.obj</name>
      </input_file>
      <input_file id="fl-160">
         <path>C:\ti\CC3200SDK_1.1.0\cc3200-sdk\example\spi_demo\ccs\..\..\..\driverlib\ccs\Release\</path>
         <kind>archive</kind>
         <file>driverlib.a</file>
         <name>cpu.obj</name>
      </input_file>
      <input_file id="fl-161">
         <path>C:\ti\CC3200SDK_1.1.0\cc3200-sdk\example\spi_demo\ccs\..\..\..\driverlib\ccs\Release\</path>
         <kind>archive</kind>
         <file>driverlib.a</file>
         <name>flash.obj</name>
      </input_file>
      <input_file id="fl-162">
         <path>C:\ti\ccsv6\tools\compiler\ti-cgt-arm_5.2.5\lib\</path>
         <kind>archive</kind>
         <file>rtsv7M4_T_le_v4SPD16_eabi.lib</file>
         <name>ll_lsr_t2.obj</name>
      </input_file>
   </input_file_list>
   <object_component_list>
      <object_component id="oc-f">
         <name>.intvecs</name>
         <load_address>0x20004000</load_address>
         <run_address>0x20004000</run_address>
         <size>0x400</size>
         <input_file_ref idref="fl-6"/>
      </object_component>
      <object_component id="oc-226">
         <name>.text</name>
         <load_address>0x20004400</load_address>
         <run_address>0x20004400</run_address>
         <size>0x10ba</size>
         <input_file_ref idref="fl-13d"/>
      </object_component>
      <object_component id="oc-f0">
         <name>.text</name>
         <load_address>0x200054bc</load_address>
         <run_address>0x200054bc</run_address>
         <size>0xa80</size>
         <input_file_ref idref="fl-2"/>
      </object_component>
      <object_component id="oc-f7">
         <name>.text</name>
         <load_address>0x20005f3c</load_address>
         <run_address>0x20005f3c</run_address>
         <size>0x712</size>
         <input_file_ref idref="fl-7"/>
      </object_component>
      <object_component id="oc-9f">
         <name>.text</name>
         <load_address>0x20006650</load_address>
         <run_address>0x20006650</run_address>
         <size>0x488</size>
         <input_file_ref idref="fl-4"/>
      </object_component>
      <object_component id="oc-ea">
         <name>.text</name>
         <load_address>0x20006ad8</load_address>
         <run_address>0x20006ad8</run_address>
         <size>0x47a</size>
         <input_file_ref idref="fl-3"/>
      </object_component>
      <object_component id="oc-1a7">
         <name>.text</name>
         <load_address>0x20006f54</load_address>
         <run_address>0x20006f54</run_address>
         <size>0x3dc</size>
         <input_file_ref idref="fl-136"/>
      </object_component>
      <object_component id="oc-e4">
         <name>.text</name>
         <load_address>0x20007330</load_address>
         <run_address>0x20007330</run_address>
         <size>0x280</size>
         <input_file_ref idref="fl-8"/>
      </object_component>
      <object_component id="oc-270">
         <name>.text</name>
         <load_address>0x200075b0</load_address>
         <run_address>0x200075b0</run_address>
         <size>0x1f4</size>
         <input_file_ref idref="fl-14e"/>
      </object_component>
      <object_component id="oc-299">
         <name>.text</name>
         <load_address>0x200077a4</load_address>
         <run_address>0x200077a4</run_address>
         <size>0x1b6</size>
         <input_file_ref idref="fl-143"/>
      </object_component>
      <object_component id="oc-27f">
         <name>.text</name>
         <load_address>0x2000795a</load_address>
         <run_address>0x2000795a</run_address>
         <size>0x136</size>
         <input_file_ref idref="fl-145"/>
      </object_component>
      <object_component id="oc-de">
         <name>.text:PRCMCC3200MCUInit</name>
         <load_address>0x20007a90</load_address>
         <run_address>0x20007a90</run_address>
         <size>0x134</size>
         <input_file_ref idref="fl-15c"/>
      </object_component>
      <object_component id="oc-2ef">
         <name>.text</name>
         <load_address>0x20007bc4</load_address>
         <run_address>0x20007bc4</run_address>
         <size>0x110</size>
         <input_file_ref idref="fl-150"/>
      </object_component>
      <object_component id="oc-27a">
         <name>.text</name>
         <load_address>0x20007cd4</load_address>
         <run_address>0x20007cd4</run_address>
         <size>0xfc</size>
         <input_file_ref idref="fl-146"/>
      </object_component>
      <object_component id="oc-314">
         <name>.text</name>
         <load_address>0x20007dd0</load_address>
         <run_address>0x20007dd0</run_address>
         <size>0xbe</size>
         <input_file_ref idref="fl-158"/>
      </object_component>
      <object_component id="oc-d8">
         <name>.text:IntEnable</name>
         <load_address>0x20007e90</load_address>
         <run_address>0x20007e90</run_address>
         <size>0xa8</size>
         <input_file_ref idref="fl-15a"/>
      </object_component>
      <object_component id="oc-13c">
         <name>.text:SPIConfigSetExpClk</name>
         <load_address>0x20007f38</load_address>
         <run_address>0x20007f38</run_address>
         <size>0xa0</size>
         <input_file_ref idref="fl-15d"/>
      </object_component>
      <object_component id="oc-36">
         <name>.text</name>
         <load_address>0x20007fd8</load_address>
         <run_address>0x20007fd8</run_address>
         <size>0x9c</size>
         <input_file_ref idref="fl-134"/>
      </object_component>
      <object_component id="oc-11e">
         <name>.text:PRCMPeripheralClockGet</name>
         <load_address>0x20008074</load_address>
         <run_address>0x20008074</run_address>
         <size>0x94</size>
         <input_file_ref idref="fl-15c"/>
      </object_component>
      <object_component id="oc-112">
         <name>.text</name>
         <load_address>0x20008108</load_address>
         <run_address>0x20008108</run_address>
         <size>0x90</size>
         <input_file_ref idref="fl-5"/>
      </object_component>
      <object_component id="oc-253">
         <name>.text:PinConfigSet</name>
         <load_address>0x20008198</load_address>
         <run_address>0x20008198</run_address>
         <size>0x88</size>
         <input_file_ref idref="fl-15b"/>
      </object_component>
      <object_component id="oc-18f">
         <name>.text</name>
         <load_address>0x20008220</load_address>
         <run_address>0x20008220</run_address>
         <size>0x88</size>
         <input_file_ref idref="fl-13b"/>
      </object_component>
      <object_component id="oc-275">
         <name>.text:__aeabi_cdcmple</name>
         <load_address>0x200082a8</load_address>
         <run_address>0x200082a8</run_address>
         <size>0x86</size>
         <input_file_ref idref="fl-144"/>
      </object_component>
      <object_component id="oc-284">
         <name>.text:__aeabi_cdrcmple</name>
         <load_address>0x2000832e</load_address>
         <run_address>0x2000832e</run_address>
         <size>0x86</size>
         <input_file_ref idref="fl-144"/>
      </object_component>
      <object_component id="oc-4f">
         <name>.text</name>
         <load_address>0x200083b4</load_address>
         <run_address>0x200083b4</run_address>
         <size>0x7a</size>
         <input_file_ref idref="fl-137"/>
      </object_component>
      <object_component id="oc-124">
         <name>.text:UARTConfigSetExpClk</name>
         <load_address>0x2000842e</load_address>
         <run_address>0x2000842e</run_address>
         <size>0x76</size>
         <input_file_ref idref="fl-15e"/>
      </object_component>
      <object_component id="oc-61">
         <name>.text</name>
         <load_address>0x200084a4</load_address>
         <run_address>0x200084a4</run_address>
         <size>0x6c</size>
         <input_file_ref idref="fl-140"/>
      </object_component>
      <object_component id="oc-42">
         <name>.text</name>
         <load_address>0x20008510</load_address>
         <run_address>0x20008510</run_address>
         <size>0x6a</size>
         <input_file_ref idref="fl-131"/>
      </object_component>
      <object_component id="oc-2e7">
         <name>.text</name>
         <load_address>0x2000857a</load_address>
         <run_address>0x2000857a</run_address>
         <size>0x66</size>
         <input_file_ref idref="fl-151"/>
      </object_component>
      <object_component id="oc-12a">
         <name>.text:PRCMPeripheralReset</name>
         <load_address>0x200085e0</load_address>
         <run_address>0x200085e0</run_address>
         <size>0x58</size>
         <input_file_ref idref="fl-15c"/>
      </object_component>
      <object_component id="oc-28e">
         <name>.text</name>
         <load_address>0x20008638</load_address>
         <run_address>0x20008638</run_address>
         <size>0x56</size>
         <input_file_ref idref="fl-14b"/>
      </object_component>
      <object_component id="oc-2a4">
         <name>.text</name>
         <load_address>0x2000868e</load_address>
         <run_address>0x2000868e</run_address>
         <size>0x52</size>
         <input_file_ref idref="fl-14a"/>
      </object_component>
      <object_component id="oc-24">
         <name>.text</name>
         <load_address>0x200086e0</load_address>
         <run_address>0x200086e0</run_address>
         <size>0x50</size>
         <input_file_ref idref="fl-12f"/>
      </object_component>
      <object_component id="oc-2bc">
         <name>.text</name>
         <load_address>0x20008730</load_address>
         <run_address>0x20008730</run_address>
         <size>0x4c</size>
         <input_file_ref idref="fl-13f"/>
      </object_component>
      <object_component id="oc-97">
         <name>.text</name>
         <load_address>0x2000877c</load_address>
         <run_address>0x2000877c</run_address>
         <size>0x4c</size>
         <input_file_ref idref="fl-141"/>
      </object_component>
      <object_component id="oc-289">
         <name>.text</name>
         <load_address>0x200087c8</load_address>
         <run_address>0x200087c8</run_address>
         <size>0x48</size>
         <input_file_ref idref="fl-147"/>
      </object_component>
      <object_component id="oc-6d">
         <name>.text</name>
         <load_address>0x20008810</load_address>
         <run_address>0x20008810</run_address>
         <size>0x44</size>
         <input_file_ref idref="fl-133"/>
      </object_component>
      <object_component id="oc-259">
         <name>.text:PinModeSet</name>
         <load_address>0x20008854</load_address>
         <run_address>0x20008854</run_address>
         <size>0x40</size>
         <input_file_ref idref="fl-15b"/>
      </object_component>
      <object_component id="oc-359">
         <name>.text</name>
         <load_address>0x20008894</load_address>
         <run_address>0x20008894</run_address>
         <size>0x40</size>
         <input_file_ref idref="fl-157"/>
      </object_component>
      <object_component id="oc-118">
         <name>.text:PRCMPeripheralClkEnable</name>
         <load_address>0x200088d4</load_address>
         <run_address>0x200088d4</run_address>
         <size>0x3c</size>
         <input_file_ref idref="fl-15c"/>
      </object_component>
      <object_component id="oc-1f0">
         <name>.text:GPIODirModeSet</name>
         <load_address>0x20008910</load_address>
         <run_address>0x20008910</run_address>
         <size>0x36</size>
         <input_file_ref idref="fl-159"/>
      </object_component>
      <object_component id="oc-323">
         <name>.text</name>
         <load_address>0x20008948</load_address>
         <run_address>0x20008948</run_address>
         <size>0x34</size>
         <input_file_ref idref="fl-155"/>
      </object_component>
      <object_component id="oc-1ea">
         <name>.text:PinTypeGPIO</name>
         <load_address>0x2000897c</load_address>
         <run_address>0x2000897c</run_address>
         <size>0x30</size>
         <input_file_ref idref="fl-15b"/>
      </object_component>
      <object_component id="oc-208">
         <name>.text:UARTDisable</name>
         <load_address>0x200089ac</load_address>
         <run_address>0x200089ac</run_address>
         <size>0x30</size>
         <input_file_ref idref="fl-15e"/>
      </object_component>
      <object_component id="oc-2b0">
         <name>.text</name>
         <load_address>0x200089dc</load_address>
         <run_address>0x200089dc</run_address>
         <size>0x30</size>
         <input_file_ref idref="fl-14f"/>
      </object_component>
      <object_component id="oc-2f5">
         <name>.text</name>
         <load_address>0x20008a0c</load_address>
         <run_address>0x20008a0c</run_address>
         <size>0x30</size>
         <input_file_ref idref="fl-152"/>
      </object_component>
      <object_component id="oc-294">
         <name>.text</name>
         <load_address>0x20008a3c</load_address>
         <run_address>0x20008a3c</run_address>
         <size>0x2e</size>
         <input_file_ref idref="fl-149"/>
      </object_component>
      <object_component id="oc-349">
         <name>.text</name>
         <load_address>0x20008a6a</load_address>
         <run_address>0x20008a6a</run_address>
         <size>0x2e</size>
         <input_file_ref idref="fl-156"/>
      </object_component>
      <object_component id="oc-188">
         <name>.text:PRCMSysResetCauseGet</name>
         <load_address>0x20008a98</load_address>
         <run_address>0x20008a98</run_address>
         <size>0x2c</size>
         <input_file_ref idref="fl-15c"/>
      </object_component>
      <object_component id="oc-29e">
         <name>.text</name>
         <load_address>0x20008ac4</load_address>
         <run_address>0x20008ac4</run_address>
         <size>0x2a</size>
         <input_file_ref idref="fl-148"/>
      </object_component>
      <object_component id="oc-182">
         <name>.text:PRCMPeripheralClkDisable</name>
         <load_address>0x20008af0</load_address>
         <run_address>0x20008af0</run_address>
         <size>0x28</size>
         <input_file_ref idref="fl-15c"/>
      </object_component>
      <object_component id="oc-20e">
         <name>.text:UARTEnable</name>
         <load_address>0x20008b18</load_address>
         <run_address>0x20008b18</run_address>
         <size>0x24</size>
         <input_file_ref idref="fl-15e"/>
      </object_component>
      <object_component id="oc-1a1">
         <name>.text</name>
         <load_address>0x20008b3c</load_address>
         <run_address>0x20008b3c</run_address>
         <size>0x24</size>
         <input_file_ref idref="fl-135"/>
      </object_component>
      <object_component id="oc-130">
         <name>.text:SPIReset</name>
         <load_address>0x20008b60</load_address>
         <run_address>0x20008b60</run_address>
         <size>0x22</size>
         <input_file_ref idref="fl-15d"/>
      </object_component>
      <object_component id="oc-1bb">
         <name>.text:GPIOPinWrite</name>
         <load_address>0x20008b82</load_address>
         <run_address>0x20008b82</run_address>
         <size>0x20</size>
         <input_file_ref idref="fl-159"/>
      </object_component>
      <object_component id="oc-1cd">
         <name>.text:SPIDataGet</name>
         <load_address>0x20008ba2</load_address>
         <run_address>0x20008ba2</run_address>
         <size>0x20</size>
         <input_file_ref idref="fl-15d"/>
      </object_component>
      <object_component id="oc-1c7">
         <name>.text:SPIDataPut</name>
         <load_address>0x20008bc2</load_address>
         <run_address>0x20008bc2</run_address>
         <size>0x1e</size>
         <input_file_ref idref="fl-15d"/>
      </object_component>
      <object_component id="oc-10c">
         <name>.text:UARTCharPut</name>
         <load_address>0x20008be0</load_address>
         <run_address>0x20008be0</run_address>
         <size>0x1e</size>
         <input_file_ref idref="fl-15e"/>
      </object_component>
      <object_component id="oc-195">
         <name>.text:UARTCharGetNonBlocking</name>
         <load_address>0x20008bfe</load_address>
         <run_address>0x20008bfe</run_address>
         <size>0x1c</size>
         <input_file_ref idref="fl-15e"/>
      </object_component>
      <object_component id="oc-2b6">
         <name>.text</name>
         <load_address>0x20008c1a</load_address>
         <run_address>0x20008c1a</run_address>
         <size>0x1c</size>
         <input_file_ref idref="fl-14c"/>
      </object_component>
      <object_component id="oc-1f6">
         <name>.text:PinTypeSPI</name>
         <load_address>0x20008c36</load_address>
         <run_address>0x20008c36</run_address>
         <size>0x1a</size>
         <input_file_ref idref="fl-15b"/>
      </object_component>
      <object_component id="oc-1fc">
         <name>.text:PinTypeUART</name>
         <load_address>0x20008c50</load_address>
         <run_address>0x20008c50</run_address>
         <size>0x1a</size>
         <input_file_ref idref="fl-15b"/>
      </object_component>
      <object_component id="oc-136">
         <name>.text:SPIFIFOEnable</name>
         <load_address>0x20008c6a</load_address>
         <run_address>0x20008c6a</run_address>
         <size>0x1a</size>
         <input_file_ref idref="fl-15d"/>
      </object_component>
      <object_component id="oc-1d3">
         <name>.text:SPICSDisable</name>
         <load_address>0x20008c84</load_address>
         <run_address>0x20008c84</run_address>
         <size>0x18</size>
         <input_file_ref idref="fl-15d"/>
      </object_component>
      <object_component id="oc-1c1">
         <name>.text:SPICSEnable</name>
         <load_address>0x20008c9c</load_address>
         <run_address>0x20008c9c</run_address>
         <size>0x18</size>
         <input_file_ref idref="fl-15d"/>
      </object_component>
      <object_component id="oc-142">
         <name>.text:SPIEnable</name>
         <load_address>0x20008cb4</load_address>
         <run_address>0x20008cb4</run_address>
         <size>0x18</size>
         <input_file_ref idref="fl-15d"/>
      </object_component>
      <object_component id="oc-100">
         <name>.text:UARTCharsAvail</name>
         <load_address>0x20008ccc</load_address>
         <run_address>0x20008ccc</run_address>
         <size>0x18</size>
         <input_file_ref idref="fl-15e"/>
      </object_component>
      <object_component id="oc-67">
         <name>.text</name>
         <load_address>0x20008ce4</load_address>
         <run_address>0x20008ce4</run_address>
         <size>0x18</size>
         <input_file_ref idref="fl-13e"/>
      </object_component>
      <object_component id="oc-176">
         <name>.text:PRCMHIBRegRead</name>
         <load_address>0x20008cfc</load_address>
         <run_address>0x20008cfc</run_address>
         <size>0x16</size>
         <input_file_ref idref="fl-15c"/>
      </object_component>
      <object_component id="oc-17c">
         <name>.text:PRCMHIBRegWrite</name>
         <load_address>0x20008d12</load_address>
         <run_address>0x20008d12</run_address>
         <size>0x16</size>
         <input_file_ref idref="fl-15c"/>
      </object_component>
      <object_component id="oc-106">
         <name>.text:UARTCharGet</name>
         <load_address>0x20008d28</load_address>
         <run_address>0x20008d28</run_address>
         <size>0x16</size>
         <input_file_ref idref="fl-15e"/>
      </object_component>
      <object_component id="oc-2aa">
         <name>.text</name>
         <load_address>0x20008d3e</load_address>
         <run_address>0x20008d3e</run_address>
         <size>0x16</size>
         <input_file_ref idref="fl-14d"/>
      </object_component>
      <object_component id="oc-166">
         <name>.text:CPUcpsie</name>
         <load_address>0x20008d54</load_address>
         <run_address>0x20008d54</run_address>
         <size>0x14</size>
         <input_file_ref idref="fl-160"/>
      </object_component>
      <object_component id="oc-cc">
         <name>.text:IntVTableBaseSet</name>
         <load_address>0x20008d68</load_address>
         <run_address>0x20008d68</run_address>
         <size>0x14</size>
         <input_file_ref idref="fl-15a"/>
      </object_component>
      <object_component id="oc-150">
         <name>.text</name>
         <load_address>0x20008d7c</load_address>
         <run_address>0x20008d7c</run_address>
         <size>0x14</size>
         <input_file_ref idref="fl-13c"/>
      </object_component>
      <object_component id="oc-19b">
         <name>.text</name>
         <load_address>0x20008d90</load_address>
         <run_address>0x20008d90</run_address>
         <size>0x14</size>
         <input_file_ref idref="fl-13a"/>
      </object_component>
      <object_component id="oc-12">
         <name>.text:decompress:none</name>
         <load_address>0x20008da4</load_address>
         <run_address>0x20008da4</run_address>
         <size>0xe</size>
         <input_file_ref idref="fl-130"/>
      </object_component>
      <object_component id="oc-2d">
         <name>.text</name>
         <load_address>0x20008db2</load_address>
         <run_address>0x20008db2</run_address>
         <size>0xe</size>
         <input_file_ref idref="fl-6"/>
      </object_component>
      <object_component id="oc-1e">
         <name>.text:decompress:ZI</name>
         <load_address>0x20008dc0</load_address>
         <run_address>0x20008dc0</run_address>
         <size>0xc</size>
         <input_file_ref idref="fl-132"/>
      </object_component>
      <object_component id="oc-d2">
         <name>.text:IntMasterEnable</name>
         <load_address>0x20008dcc</load_address>
         <run_address>0x20008dcc</run_address>
         <size>0xa</size>
         <input_file_ref idref="fl-15a"/>
      </object_component>
      <object_component id="oc-f6">
         <name>.text:UtilsDelay</name>
         <load_address>0x20008dd6</load_address>
         <run_address>0x20008dd6</run_address>
         <size>0x6</size>
         <input_file_ref idref="fl-15f"/>
      </object_component>
      <object_component id="oc-18">
         <name>.text:decompress:rle24</name>
         <load_address>0x20008ddc</load_address>
         <run_address>0x20008ddc</run_address>
         <size>0x6</size>
         <input_file_ref idref="fl-131"/>
      </object_component>
      <object_component id="oc-5b">
         <name>.text</name>
         <load_address>0x20008de2</load_address>
         <run_address>0x20008de2</run_address>
         <size>0x4</size>
         <input_file_ref idref="fl-138"/>
      </object_component>
      <object_component id="oc-1db">
         <name>.const:.string:font</name>
         <load_address>0x20008de8</load_address>
         <run_address>0x20008de8</run_address>
         <size>0x4fb</size>
         <input_file_ref idref="fl-2"/>
      </object_component>
      <object_component id="oc-fd">
         <name>.const:.string:font</name>
         <load_address>0x200092e3</load_address>
         <run_address>0x200092e3</run_address>
         <size>0x4fb</size>
         <input_file_ref idref="fl-4"/>
      </object_component>
      <object_component id="oc-303">
         <name>.const:.string:_ctypes_</name>
         <load_address>0x200097de</load_address>
         <run_address>0x200097de</run_address>
         <size>0x101</size>
         <input_file_ref idref="fl-142"/>
      </object_component>
      <object_component id="oc-2d8">
         <name>.const:g_ulPinToPadMap</name>
         <load_address>0x200098e0</load_address>
         <run_address>0x200098e0</run_address>
         <size>0x100</size>
         <input_file_ref idref="fl-15b"/>
      </object_component>
      <object_component id="oc-203">
         <name>.const:PRCM_PeriphRegsList</name>
         <load_address>0x200099e0</load_address>
         <run_address>0x200099e0</run_address>
         <size>0xa8</size>
         <input_file_ref idref="fl-15c"/>
      </object_component>
      <object_component id="oc-172">
         <name>.const</name>
         <load_address>0x20009a88</load_address>
         <run_address>0x20009a88</run_address>
         <size>0x80</size>
         <input_file_ref idref="fl-15a"/>
      </object_component>
      <object_component id="oc-39f">
         <name>.cinit..data.load</name>
         <load_address>0x20009b08</load_address>
         <run_address>0x20009b08</run_address>
         <size>0x5e</size>
      </object_component>
      <object_component id="oc-39d">
         <name>__TI_handler_table</name>
         <load_address>0x20009b68</load_address>
         <run_address>0x20009b68</run_address>
         <size>0xc</size>
      </object_component>
      <object_component id="oc-3a0">
         <name>.cinit..bss.load</name>
         <load_address>0x20009b78</load_address>
         <run_address>0x20009b78</run_address>
         <size>0x8</size>
      </object_component>
      <object_component id="oc-39e">
         <name>__TI_cinit_table</name>
         <load_address>0x20009b80</load_address>
         <run_address>0x20009b80</run_address>
         <size>0x10</size>
      </object_component>
      <object_component id="oc-2a">
         <name>.sysmem</name>
         <uninitialized>true</uninitialized>
         <run_address>0x20017000</run_address>
         <size>0x8</size>
         <input_file_ref idref="fl-136"/>
      </object_component>
      <object_component id="oc-3a2">
         <name>.sysmem</name>
         <uninitialized>true</uninitialized>
         <run_address>0x20017000</run_address>
         <size>0x0</size>
      </object_component>
      <object_component id="oc-29">
         <name>.stack</name>
         <uninitialized>true</uninitialized>
         <run_address>0x2002f800</run_address>
         <size>0x0</size>
         <input_file_ref idref="fl-12f"/>
      </object_component>
      <object_component id="oc-3a1">
         <name>.stack</name>
         <uninitialized>true</uninitialized>
         <run_address>0x2002f800</run_address>
         <size>0x0</size>
      </object_component>
      <object_component id="oc-1ad">
         <name>.common:__Errorlog</name>
         <uninitialized>true</uninitialized>
         <run_address>0x20017974</run_address>
         <size>0x4</size>
      </object_component>
      <object_component id="oc-1de">
         <name>.data</name>
         <load_address>0x20017930</load_address>
         <run_address>0x20017930</run_address>
         <size>0x15</size>
         <input_file_ref idref="fl-2"/>
      </object_component>
      <object_component id="oc-aa">
         <name>.data</name>
         <load_address>0x2001795c</load_address>
         <run_address>0x2001795c</run_address>
         <size>0x8</size>
         <input_file_ref idref="fl-133"/>
      </object_component>
      <object_component id="oc-23d">
         <name>.data</name>
         <load_address>0x20017948</load_address>
         <run_address>0x20017948</run_address>
         <size>0xc</size>
         <input_file_ref idref="fl-136"/>
      </object_component>
      <object_component id="oc-73">
         <name>.data</name>
         <load_address>0x20017970</load_address>
         <run_address>0x20017970</run_address>
         <size>0x4</size>
         <input_file_ref idref="fl-139"/>
      </object_component>
      <object_component id="oc-a7">
         <name>.data</name>
         <load_address>0x20017954</load_address>
         <run_address>0x20017954</run_address>
         <size>0x8</size>
         <input_file_ref idref="fl-13c"/>
      </object_component>
      <object_component id="oc-31e">
         <name>.data</name>
         <load_address>0x200178b0</load_address>
         <run_address>0x200178b0</run_address>
         <size>0x80</size>
         <input_file_ref idref="fl-153"/>
      </object_component>
      <object_component id="oc-329">
         <name>.data</name>
         <load_address>0x2001796c</load_address>
         <run_address>0x2001796c</run_address>
         <size>0x4</size>
         <input_file_ref idref="fl-154"/>
      </object_component>
      <object_component id="oc-34f">
         <name>.data</name>
         <load_address>0x20017964</load_address>
         <run_address>0x20017964</run_address>
         <size>0x8</size>
         <input_file_ref idref="fl-155"/>
      </object_component>
      <object_component id="oc-36a">
         <name>.data:sigtable</name>
         <load_address>0x20017800</load_address>
         <run_address>0x20017800</run_address>
         <size>0xb0</size>
         <input_file_ref idref="fl-157"/>
      </object_component>
      <object_component id="oc-1e2">
         <name>.debug_info</name>
         <load_address>0x0</load_address>
         <run_address>0x0</run_address>
         <size>0x1c9</size>
         <input_file_ref idref="fl-2"/>
      </object_component>
      <object_component id="oc-1dc">
         <name>.debug_info</name>
         <load_address>0x1c9</load_address>
         <run_address>0x1c9</run_address>
         <size>0xce</size>
         <input_file_ref idref="fl-2"/>
      </object_component>
      <object_component id="oc-1df">
         <name>.debug_info</name>
         <load_address>0x297</load_address>
         <run_address>0x297</run_address>
         <size>0x17c</size>
         <input_file_ref idref="fl-2"/>
      </object_component>
      <object_component id="oc-f1">
         <name>.debug_info</name>
         <load_address>0x413</load_address>
         <run_address>0x413</run_address>
         <size>0x14d8</size>
         <input_file_ref idref="fl-2"/>
      </object_component>
      <object_component id="oc-7e">
         <name>.debug_info</name>
         <load_address>0x18eb</load_address>
         <run_address>0x18eb</run_address>
         <size>0x84</size>
         <input_file_ref idref="fl-2"/>
      </object_component>
      <object_component id="oc-1da">
         <name>.debug_info</name>
         <load_address>0x196f</load_address>
         <run_address>0x196f</run_address>
         <size>0x1b1</size>
         <input_file_ref idref="fl-3"/>
      </object_component>
      <object_component id="oc-eb">
         <name>.debug_info</name>
         <load_address>0x1b20</load_address>
         <run_address>0x1b20</run_address>
         <size>0xe11</size>
         <input_file_ref idref="fl-3"/>
      </object_component>
      <object_component id="oc-269">
         <name>.debug_info</name>
         <load_address>0x2931</load_address>
         <run_address>0x2931</run_address>
         <size>0x62</size>
         <input_file_ref idref="fl-3"/>
      </object_component>
      <object_component id="oc-16d">
         <name>.debug_info</name>
         <load_address>0x2993</load_address>
         <run_address>0x2993</run_address>
         <size>0x2c</size>
         <input_file_ref idref="fl-3"/>
      </object_component>
      <object_component id="oc-8e">
         <name>.debug_info</name>
         <load_address>0x29bf</load_address>
         <run_address>0x29bf</run_address>
         <size>0x2c</size>
         <input_file_ref idref="fl-3"/>
      </object_component>
      <object_component id="oc-1e6">
         <name>.debug_info</name>
         <load_address>0x29eb</load_address>
         <run_address>0x29eb</run_address>
         <size>0x77b</size>
         <input_file_ref idref="fl-4"/>
      </object_component>
      <object_component id="oc-fe">
         <name>.debug_info</name>
         <load_address>0x3166</load_address>
         <run_address>0x3166</run_address>
         <size>0xc6</size>
         <input_file_ref idref="fl-4"/>
      </object_component>
      <object_component id="oc-a1">
         <name>.debug_info</name>
         <load_address>0x322c</load_address>
         <run_address>0x322c</run_address>
         <size>0x823</size>
         <input_file_ref idref="fl-4"/>
      </object_component>
      <object_component id="oc-115">
         <name>.debug_info</name>
         <load_address>0x3a4f</load_address>
         <run_address>0x3a4f</run_address>
         <size>0x271</size>
         <input_file_ref idref="fl-5"/>
      </object_component>
      <object_component id="oc-35">
         <name>.debug_info</name>
         <load_address>0x3cc0</load_address>
         <run_address>0x3cc0</run_address>
         <size>0x126</size>
         <input_file_ref idref="fl-6"/>
      </object_component>
      <object_component id="oc-10">
         <name>.debug_info</name>
         <load_address>0x3de6</load_address>
         <run_address>0x3de6</run_address>
         <size>0x10b</size>
         <input_file_ref idref="fl-6"/>
      </object_component>
      <object_component id="oc-2e">
         <name>.debug_info</name>
         <load_address>0x3ef1</load_address>
         <run_address>0x3ef1</run_address>
         <size>0x42c</size>
         <input_file_ref idref="fl-6"/>
      </object_component>
      <object_component id="oc-fb">
         <name>.debug_info</name>
         <load_address>0x431d</load_address>
         <run_address>0x431d</run_address>
         <size>0xd98</size>
         <input_file_ref idref="fl-7"/>
      </object_component>
      <object_component id="oc-1ae">
         <name>.debug_info</name>
         <load_address>0x50b5</load_address>
         <run_address>0x50b5</run_address>
         <size>0x3a6</size>
         <input_file_ref idref="fl-8"/>
      </object_component>
      <object_component id="oc-e6">
         <name>.debug_info</name>
         <load_address>0x545b</load_address>
         <run_address>0x545b</run_address>
         <size>0x8df</size>
         <input_file_ref idref="fl-8"/>
      </object_component>
      <object_component id="oc-1b6">
         <name>.debug_info</name>
         <load_address>0x5d3a</load_address>
         <run_address>0x5d3a</run_address>
         <size>0x110</size>
         <input_file_ref idref="fl-8"/>
      </object_component>
      <object_component id="oc-1b1">
         <name>.debug_info</name>
         <load_address>0x5e4a</load_address>
         <run_address>0x5e4a</run_address>
         <size>0x4e</size>
         <input_file_ref idref="fl-8"/>
      </object_component>
      <object_component id="oc-26">
         <name>.debug_info</name>
         <load_address>0x5e98</load_address>
         <run_address>0x5e98</run_address>
         <size>0x134</size>
         <input_file_ref idref="fl-12f"/>
      </object_component>
      <object_component id="oc-41">
         <name>.debug_info</name>
         <load_address>0x5fcc</load_address>
         <run_address>0x5fcc</run_address>
         <size>0x121</size>
         <input_file_ref idref="fl-130"/>
      </object_component>
      <object_component id="oc-13">
         <name>.debug_info</name>
         <load_address>0x60ed</load_address>
         <run_address>0x60ed</run_address>
         <size>0x1c0</size>
         <input_file_ref idref="fl-130"/>
      </object_component>
      <object_component id="oc-3c">
         <name>.debug_info</name>
         <load_address>0x62ad</load_address>
         <run_address>0x62ad</run_address>
         <size>0x46</size>
         <input_file_ref idref="fl-130"/>
      </object_component>
      <object_component id="oc-84">
         <name>.debug_info</name>
         <load_address>0x62f3</load_address>
         <run_address>0x62f3</run_address>
         <size>0x2c</size>
         <input_file_ref idref="fl-130"/>
      </object_component>
      <object_component id="oc-49">
         <name>.debug_info</name>
         <load_address>0x631f</load_address>
         <run_address>0x631f</run_address>
         <size>0x115</size>
         <input_file_ref idref="fl-131"/>
      </object_component>
      <object_component id="oc-43">
         <name>.debug_info</name>
         <load_address>0x6434</load_address>
         <run_address>0x6434</run_address>
         <size>0x228</size>
         <input_file_ref idref="fl-131"/>
      </object_component>
      <object_component id="oc-19">
         <name>.debug_info</name>
         <load_address>0x665c</load_address>
         <run_address>0x665c</run_address>
         <size>0x192</size>
         <input_file_ref idref="fl-131"/>
      </object_component>
      <object_component id="oc-4a">
         <name>.debug_info</name>
         <load_address>0x67ee</load_address>
         <run_address>0x67ee</run_address>
         <size>0x39</size>
         <input_file_ref idref="fl-131"/>
      </object_component>
      <object_component id="oc-5a">
         <name>.debug_info</name>
         <load_address>0x6827</load_address>
         <run_address>0x6827</run_address>
         <size>0x110</size>
         <input_file_ref idref="fl-132"/>
      </object_component>
      <object_component id="oc-21">
         <name>.debug_info</name>
         <load_address>0x6937</load_address>
         <run_address>0x6937</run_address>
         <size>0x18b</size>
         <input_file_ref idref="fl-132"/>
      </object_component>
      <object_component id="oc-55">
         <name>.debug_info</name>
         <load_address>0x6ac2</load_address>
         <run_address>0x6ac2</run_address>
         <size>0x46</size>
         <input_file_ref idref="fl-132"/>
      </object_component>
      <object_component id="oc-ae">
         <name>.debug_info</name>
         <load_address>0x6b08</load_address>
         <run_address>0x6b08</run_address>
         <size>0x172</size>
         <input_file_ref idref="fl-133"/>
      </object_component>
      <object_component id="oc-ab">
         <name>.debug_info</name>
         <load_address>0x6c7a</load_address>
         <run_address>0x6c7a</run_address>
         <size>0x117</size>
         <input_file_ref idref="fl-133"/>
      </object_component>
      <object_component id="oc-70">
         <name>.debug_info</name>
         <load_address>0x6d91</load_address>
         <run_address>0x6d91</run_address>
         <size>0x1ee</size>
         <input_file_ref idref="fl-133"/>
      </object_component>
      <object_component id="oc-39">
         <name>.debug_info</name>
         <load_address>0x6f7f</load_address>
         <run_address>0x6f7f</run_address>
         <size>0xf6</size>
         <input_file_ref idref="fl-134"/>
      </object_component>
      <object_component id="oc-23c">
         <name>.debug_info</name>
         <load_address>0x7075</load_address>
         <run_address>0x7075</run_address>
         <size>0x10d</size>
         <input_file_ref idref="fl-135"/>
      </object_component>
      <object_component id="oc-1a4">
         <name>.debug_info</name>
         <load_address>0x7182</load_address>
         <run_address>0x7182</run_address>
         <size>0x18c</size>
         <input_file_ref idref="fl-135"/>
      </object_component>
      <object_component id="oc-79">
         <name>.debug_info</name>
         <load_address>0x730e</load_address>
         <run_address>0x730e</run_address>
         <size>0x203</size>
         <input_file_ref idref="fl-136"/>
      </object_component>
      <object_component id="oc-2b">
         <name>.debug_info</name>
         <load_address>0x7511</load_address>
         <run_address>0x7511</run_address>
         <size>0xe2</size>
         <input_file_ref idref="fl-136"/>
      </object_component>
      <object_component id="oc-23e">
         <name>.debug_info</name>
         <load_address>0x75f3</load_address>
         <run_address>0x75f3</run_address>
         <size>0x12d</size>
         <input_file_ref idref="fl-136"/>
      </object_component>
      <object_component id="oc-1a9">
         <name>.debug_info</name>
         <load_address>0x7720</load_address>
         <run_address>0x7720</run_address>
         <size>0x86c</size>
         <input_file_ref idref="fl-136"/>
      </object_component>
      <object_component id="oc-b4">
         <name>.debug_info</name>
         <load_address>0x7f8c</load_address>
         <run_address>0x7f8c</run_address>
         <size>0x2c</size>
         <input_file_ref idref="fl-136"/>
      </object_component>
      <object_component id="oc-b9">
         <name>.debug_info</name>
         <load_address>0x7fb8</load_address>
         <run_address>0x7fb8</run_address>
         <size>0x62</size>
         <input_file_ref idref="fl-136"/>
      </object_component>
      <object_component id="oc-52">
         <name>.debug_info</name>
         <load_address>0x801a</load_address>
         <run_address>0x801a</run_address>
         <size>0x124</size>
         <input_file_ref idref="fl-137"/>
      </object_component>
      <object_component id="oc-5f">
         <name>.debug_info</name>
         <load_address>0x813e</load_address>
         <run_address>0x813e</run_address>
         <size>0x129</size>
         <input_file_ref idref="fl-138"/>
      </object_component>
      <object_component id="oc-74">
         <name>.debug_info</name>
         <load_address>0x8267</load_address>
         <run_address>0x8267</run_address>
         <size>0xea</size>
         <input_file_ref idref="fl-139"/>
      </object_component>
      <object_component id="oc-23a">
         <name>.debug_info</name>
         <load_address>0x8351</load_address>
         <run_address>0x8351</run_address>
         <size>0xcb</size>
         <input_file_ref idref="fl-13a"/>
      </object_component>
      <object_component id="oc-19c">
         <name>.debug_info</name>
         <load_address>0x841c</load_address>
         <run_address>0x841c</run_address>
         <size>0x1f7</size>
         <input_file_ref idref="fl-13a"/>
      </object_component>
      <object_component id="oc-22d">
         <name>.debug_info</name>
         <load_address>0x8613</load_address>
         <run_address>0x8613</run_address>
         <size>0x1a9</size>
         <input_file_ref idref="fl-13b"/>
      </object_component>
      <object_component id="oc-193">
         <name>.debug_info</name>
         <load_address>0x87bc</load_address>
         <run_address>0x87bc</run_address>
         <size>0x33d</size>
         <input_file_ref idref="fl-13b"/>
      </object_component>
      <object_component id="oc-22e">
         <name>.debug_info</name>
         <load_address>0x8af9</load_address>
         <run_address>0x8af9</run_address>
         <size>0x2c</size>
         <input_file_ref idref="fl-13b"/>
      </object_component>
      <object_component id="oc-233">
         <name>.debug_info</name>
         <load_address>0x8b25</load_address>
         <run_address>0x8b25</run_address>
         <size>0x69</size>
         <input_file_ref idref="fl-13b"/>
      </object_component>
      <object_component id="oc-158">
         <name>.debug_info</name>
         <load_address>0x8b8e</load_address>
         <run_address>0x8b8e</run_address>
         <size>0x105</size>
         <input_file_ref idref="fl-13c"/>
      </object_component>
      <object_component id="oc-a8">
         <name>.debug_info</name>
         <load_address>0x8c93</load_address>
         <run_address>0x8c93</run_address>
         <size>0xf4</size>
         <input_file_ref idref="fl-13c"/>
      </object_component>
      <object_component id="oc-151">
         <name>.debug_info</name>
         <load_address>0x8d87</load_address>
         <run_address>0x8d87</run_address>
         <size>0x200</size>
         <input_file_ref idref="fl-13c"/>
      </object_component>
      <object_component id="oc-2c3">
         <name>.debug_info</name>
         <load_address>0x8f87</load_address>
         <run_address>0x8f87</run_address>
         <size>0x338</size>
         <input_file_ref idref="fl-13d"/>
      </object_component>
      <object_component id="oc-228">
         <name>.debug_info</name>
         <load_address>0x92bf</load_address>
         <run_address>0x92bf</run_address>
         <size>0x17ea</size>
         <input_file_ref idref="fl-13d"/>
      </object_component>
      <object_component id="oc-2c4">
         <name>.debug_info</name>
         <load_address>0xaaa9</load_address>
         <run_address>0xaaa9</run_address>
         <size>0x86</size>
         <input_file_ref idref="fl-13d"/>
      </object_component>
      <object_component id="oc-30a">
         <name>.debug_info</name>
         <load_address>0xab2f</load_address>
         <run_address>0xab2f</run_address>
         <size>0x46</size>
         <input_file_ref idref="fl-13d"/>
      </object_component>
      <object_component id="oc-2c9">
         <name>.debug_info</name>
         <load_address>0xab75</load_address>
         <run_address>0xab75</run_address>
         <size>0x39</size>
         <input_file_ref idref="fl-13d"/>
      </object_component>
      <object_component id="oc-a6">
         <name>.debug_info</name>
         <load_address>0xabae</load_address>
         <run_address>0xabae</run_address>
         <size>0x147</size>
         <input_file_ref idref="fl-13e"/>
      </object_component>
      <object_component id="oc-68">
         <name>.debug_info</name>
         <load_address>0xacf5</load_address>
         <run_address>0xacf5</run_address>
         <size>0x148</size>
         <input_file_ref idref="fl-13e"/>
      </object_component>
      <object_component id="oc-14b">
         <name>.debug_info</name>
         <load_address>0xae3d</load_address>
         <run_address>0xae3d</run_address>
         <size>0x5e</size>
         <input_file_ref idref="fl-13e"/>
      </object_component>
      <object_component id="oc-307">
         <name>.debug_info</name>
         <load_address>0xae9b</load_address>
         <run_address>0xae9b</run_address>
         <size>0xf5</size>
         <input_file_ref idref="fl-13f"/>
      </object_component>
      <object_component id="oc-2bd">
         <name>.debug_info</name>
         <load_address>0xaf90</load_address>
         <run_address>0xaf90</run_address>
         <size>0x152</size>
         <input_file_ref idref="fl-13f"/>
      </object_component>
      <object_component id="oc-9e">
         <name>.debug_info</name>
         <load_address>0xb0e2</load_address>
         <run_address>0xb0e2</run_address>
         <size>0x29e</size>
         <input_file_ref idref="fl-140"/>
      </object_component>
      <object_component id="oc-62">
         <name>.debug_info</name>
         <load_address>0xb380</load_address>
         <run_address>0xb380</run_address>
         <size>0x158</size>
         <input_file_ref idref="fl-140"/>
      </object_component>
      <object_component id="oc-c2">
         <name>.debug_info</name>
         <load_address>0xb4d8</load_address>
         <run_address>0xb4d8</run_address>
         <size>0x39</size>
         <input_file_ref idref="fl-140"/>
      </object_component>
      <object_component id="oc-c7">
         <name>.debug_info</name>
         <load_address>0xb511</load_address>
         <run_address>0xb511</run_address>
         <size>0xcd</size>
         <input_file_ref idref="fl-140"/>
      </object_component>
      <object_component id="oc-bf">
         <name>.debug_info</name>
         <load_address>0xb5de</load_address>
         <run_address>0xb5de</run_address>
         <size>0x1c1</size>
         <input_file_ref idref="fl-141"/>
      </object_component>
      <object_component id="oc-98">
         <name>.debug_info</name>
         <load_address>0xb79f</load_address>
         <run_address>0xb79f</run_address>
         <size>0x164</size>
         <input_file_ref idref="fl-141"/>
      </object_component>
      <object_component id="oc-160">
         <name>.debug_info</name>
         <load_address>0xb903</load_address>
         <run_address>0xb903</run_address>
         <size>0x2c</size>
         <input_file_ref idref="fl-141"/>
      </object_component>
      <object_component id="oc-337">
         <name>.debug_info</name>
         <load_address>0xb92f</load_address>
         <run_address>0xb92f</run_address>
         <size>0xcf</size>
         <input_file_ref idref="fl-142"/>
      </object_component>
      <object_component id="oc-304">
         <name>.debug_info</name>
         <load_address>0xb9fe</load_address>
         <run_address>0xb9fe</run_address>
         <size>0xdb</size>
         <input_file_ref idref="fl-142"/>
      </object_component>
      <object_component id="oc-29a">
         <name>.debug_info</name>
         <load_address>0xbad9</load_address>
         <run_address>0xbad9</run_address>
         <size>0x129</size>
         <input_file_ref idref="fl-143"/>
      </object_component>
      <object_component id="oc-278">
         <name>.debug_info</name>
         <load_address>0xbc02</load_address>
         <run_address>0xbc02</run_address>
         <size>0x105</size>
         <input_file_ref idref="fl-144"/>
      </object_component>
      <object_component id="oc-287">
         <name>.debug_info</name>
         <load_address>0xbd07</load_address>
         <run_address>0xbd07</run_address>
         <size>0x107</size>
         <input_file_ref idref="fl-144"/>
      </object_component>
      <object_component id="oc-281">
         <name>.debug_info</name>
         <load_address>0xbe0e</load_address>
         <run_address>0xbe0e</run_address>
         <size>0x117</size>
         <input_file_ref idref="fl-145"/>
      </object_component>
      <object_component id="oc-27c">
         <name>.debug_info</name>
         <load_address>0xbf25</load_address>
         <run_address>0xbf25</run_address>
         <size>0x117</size>
         <input_file_ref idref="fl-146"/>
      </object_component>
      <object_component id="oc-28a">
         <name>.debug_info</name>
         <load_address>0xc03c</load_address>
         <run_address>0xc03c</run_address>
         <size>0x10b</size>
         <input_file_ref idref="fl-147"/>
      </object_component>
      <object_component id="oc-2ee">
         <name>.debug_info</name>
         <load_address>0xc147</load_address>
         <run_address>0xc147</run_address>
         <size>0xfe</size>
         <input_file_ref idref="fl-148"/>
      </object_component>
      <object_component id="oc-29f">
         <name>.debug_info</name>
         <load_address>0xc245</load_address>
         <run_address>0xc245</run_address>
         <size>0x16e</size>
         <input_file_ref idref="fl-148"/>
      </object_component>
      <object_component id="oc-296">
         <name>.debug_info</name>
         <load_address>0xc3b3</load_address>
         <run_address>0xc3b3</run_address>
         <size>0x109</size>
         <input_file_ref idref="fl-149"/>
      </object_component>
      <object_component id="oc-2fc">
         <name>.debug_info</name>
         <load_address>0xc4bc</load_address>
         <run_address>0xc4bc</run_address>
         <size>0x142</size>
         <input_file_ref idref="fl-14a"/>
      </object_component>
      <object_component id="oc-2a5">
         <name>.debug_info</name>
         <load_address>0xc5fe</load_address>
         <run_address>0xc5fe</run_address>
         <size>0x165</size>
         <input_file_ref idref="fl-14a"/>
      </object_component>
      <object_component id="oc-2e4">
         <name>.debug_info</name>
         <load_address>0xc763</load_address>
         <run_address>0xc763</run_address>
         <size>0x12d</size>
         <input_file_ref idref="fl-14b"/>
      </object_component>
      <object_component id="oc-28f">
         <name>.debug_info</name>
         <load_address>0xc890</load_address>
         <run_address>0xc890</run_address>
         <size>0x1a3</size>
         <input_file_ref idref="fl-14b"/>
      </object_component>
      <object_component id="oc-302">
         <name>.debug_info</name>
         <load_address>0xca33</load_address>
         <run_address>0xca33</run_address>
         <size>0xd2</size>
         <input_file_ref idref="fl-14c"/>
      </object_component>
      <object_component id="oc-2b9">
         <name>.debug_info</name>
         <load_address>0xcb05</load_address>
         <run_address>0xcb05</run_address>
         <size>0x18c</size>
         <input_file_ref idref="fl-14c"/>
      </object_component>
      <object_component id="oc-2fe">
         <name>.debug_info</name>
         <load_address>0xcc91</load_address>
         <run_address>0xcc91</run_address>
         <size>0xd6</size>
         <input_file_ref idref="fl-14d"/>
      </object_component>
      <object_component id="oc-2ac">
         <name>.debug_info</name>
         <load_address>0xcd67</load_address>
         <run_address>0xcd67</run_address>
         <size>0x211</size>
         <input_file_ref idref="fl-14d"/>
      </object_component>
      <object_component id="oc-273">
         <name>.debug_info</name>
         <load_address>0xcf78</load_address>
         <run_address>0xcf78</run_address>
         <size>0x162</size>
         <input_file_ref idref="fl-14e"/>
      </object_component>
      <object_component id="oc-300">
         <name>.debug_info</name>
         <load_address>0xd0da</load_address>
         <run_address>0xd0da</run_address>
         <size>0xf3</size>
         <input_file_ref idref="fl-14f"/>
      </object_component>
      <object_component id="oc-2b1">
         <name>.debug_info</name>
         <load_address>0xd1cd</load_address>
         <run_address>0xd1cd</run_address>
         <size>0x13a</size>
         <input_file_ref idref="fl-14f"/>
      </object_component>
      <object_component id="oc-322">
         <name>.debug_info</name>
         <load_address>0xd307</load_address>
         <run_address>0xd307</run_address>
         <size>0x111</size>
         <input_file_ref idref="fl-150"/>
      </object_component>
      <object_component id="oc-2f0">
         <name>.debug_info</name>
         <load_address>0xd418</load_address>
         <run_address>0xd418</run_address>
         <size>0x192</size>
         <input_file_ref idref="fl-150"/>
      </object_component>
      <object_component id="oc-342">
         <name>.debug_info</name>
         <load_address>0xd5aa</load_address>
         <run_address>0xd5aa</run_address>
         <size>0x86</size>
         <input_file_ref idref="fl-150"/>
      </object_component>
      <object_component id="oc-31b">
         <name>.debug_info</name>
         <load_address>0xd630</load_address>
         <run_address>0xd630</run_address>
         <size>0xfb</size>
         <input_file_ref idref="fl-151"/>
      </object_component>
      <object_component id="oc-2e8">
         <name>.debug_info</name>
         <load_address>0xd72b</load_address>
         <run_address>0xd72b</run_address>
         <size>0x173</size>
         <input_file_ref idref="fl-151"/>
      </object_component>
      <object_component id="oc-2f6">
         <name>.debug_info</name>
         <load_address>0xd89e</load_address>
         <run_address>0xd89e</run_address>
         <size>0x153</size>
         <input_file_ref idref="fl-152"/>
      </object_component>
      <object_component id="oc-31f">
         <name>.debug_info</name>
         <load_address>0xd9f1</load_address>
         <run_address>0xd9f1</run_address>
         <size>0x1b5</size>
         <input_file_ref idref="fl-153"/>
      </object_component>
      <object_component id="oc-32a">
         <name>.debug_info</name>
         <load_address>0xdba6</load_address>
         <run_address>0xdba6</run_address>
         <size>0xd6</size>
         <input_file_ref idref="fl-154"/>
      </object_component>
      <object_component id="oc-368">
         <name>.debug_info</name>
         <load_address>0xdc7c</load_address>
         <run_address>0xdc7c</run_address>
         <size>0x13e</size>
         <input_file_ref idref="fl-155"/>
      </object_component>
      <object_component id="oc-350">
         <name>.debug_info</name>
         <load_address>0xddba</load_address>
         <run_address>0xddba</run_address>
         <size>0x10e</size>
         <input_file_ref idref="fl-155"/>
      </object_component>
      <object_component id="oc-325">
         <name>.debug_info</name>
         <load_address>0xdec8</load_address>
         <run_address>0xdec8</run_address>
         <size>0x16f</size>
         <input_file_ref idref="fl-155"/>
      </object_component>
      <object_component id="oc-363">
         <name>.debug_info</name>
         <load_address>0xe037</load_address>
         <run_address>0xe037</run_address>
         <size>0x6f</size>
         <input_file_ref idref="fl-155"/>
      </object_component>
      <object_component id="oc-360">
         <name>.debug_info</name>
         <load_address>0xe0a6</load_address>
         <run_address>0xe0a6</run_address>
         <size>0xfd</size>
         <input_file_ref idref="fl-156"/>
      </object_component>
      <object_component id="oc-34c">
         <name>.debug_info</name>
         <load_address>0xe1a3</load_address>
         <run_address>0xe1a3</run_address>
         <size>0x154</size>
         <input_file_ref idref="fl-156"/>
      </object_component>
      <object_component id="oc-371">
         <name>.debug_info</name>
         <load_address>0xe2f7</load_address>
         <run_address>0xe2f7</run_address>
         <size>0x2c</size>
         <input_file_ref idref="fl-156"/>
      </object_component>
      <object_component id="oc-36e">
         <name>.debug_info</name>
         <load_address>0xe323</load_address>
         <run_address>0xe323</run_address>
         <size>0x11d</size>
         <input_file_ref idref="fl-157"/>
      </object_component>
      <object_component id="oc-36b">
         <name>.debug_info</name>
         <load_address>0xe440</load_address>
         <run_address>0xe440</run_address>
         <size>0xdb</size>
         <input_file_ref idref="fl-157"/>
      </object_component>
      <object_component id="oc-35b">
         <name>.debug_info</name>
         <load_address>0xe51b</load_address>
         <run_address>0xe51b</run_address>
         <size>0x16a</size>
         <input_file_ref idref="fl-157"/>
      </object_component>
      <object_component id="oc-33d">
         <name>.debug_info</name>
         <load_address>0xe685</load_address>
         <run_address>0xe685</run_address>
         <size>0xc6</size>
         <input_file_ref idref="fl-158"/>
      </object_component>
      <object_component id="oc-315">
         <name>.debug_info</name>
         <load_address>0xe74b</load_address>
         <run_address>0xe74b</run_address>
         <size>0x14d</size>
         <input_file_ref idref="fl-158"/>
      </object_component>
      <object_component id="oc-1f2">
         <name>.debug_info</name>
         <load_address>0xe898</load_address>
         <run_address>0xe898</run_address>
         <size>0x229</size>
         <input_file_ref idref="fl-159"/>
      </object_component>
      <object_component id="oc-1bd">
         <name>.debug_info</name>
         <load_address>0xeac1</load_address>
         <run_address>0xeac1</run_address>
         <size>0x220</size>
         <input_file_ref idref="fl-159"/>
      </object_component>
      <object_component id="oc-221">
         <name>.debug_info</name>
         <load_address>0xece1</load_address>
         <run_address>0xece1</run_address>
         <size>0x1bb</size>
         <input_file_ref idref="fl-15a"/>
      </object_component>
      <object_component id="oc-173">
         <name>.debug_info</name>
         <load_address>0xee9c</load_address>
         <run_address>0xee9c</run_address>
         <size>0x1be</size>
         <input_file_ref idref="fl-15a"/>
      </object_component>
      <object_component id="oc-d3">
         <name>.debug_info</name>
         <load_address>0xf05a</load_address>
         <run_address>0xf05a</run_address>
         <size>0x1c8</size>
         <input_file_ref idref="fl-15a"/>
      </object_component>
      <object_component id="oc-cd">
         <name>.debug_info</name>
         <load_address>0xf222</load_address>
         <run_address>0xf222</run_address>
         <size>0x1fa</size>
         <input_file_ref idref="fl-15a"/>
      </object_component>
      <object_component id="oc-d9">
         <name>.debug_info</name>
         <load_address>0xf41c</load_address>
         <run_address>0xf41c</run_address>
         <size>0x1eb</size>
         <input_file_ref idref="fl-15a"/>
      </object_component>
      <object_component id="oc-311">
         <name>.debug_info</name>
         <load_address>0xf607</load_address>
         <run_address>0xf607</run_address>
         <size>0x108</size>
         <input_file_ref idref="fl-15b"/>
      </object_component>
      <object_component id="oc-2d9">
         <name>.debug_info</name>
         <load_address>0xf70f</load_address>
         <run_address>0xf70f</run_address>
         <size>0x116</size>
         <input_file_ref idref="fl-15b"/>
      </object_component>
      <object_component id="oc-25b">
         <name>.debug_info</name>
         <load_address>0xf825</load_address>
         <run_address>0xf825</run_address>
         <size>0x20b</size>
         <input_file_ref idref="fl-15b"/>
      </object_component>
      <object_component id="oc-255">
         <name>.debug_info</name>
         <load_address>0xfa30</load_address>
         <run_address>0xfa30</run_address>
         <size>0x259</size>
         <input_file_ref idref="fl-15b"/>
      </object_component>
      <object_component id="oc-1fe">
         <name>.debug_info</name>
         <load_address>0xfc89</load_address>
         <run_address>0xfc89</run_address>
         <size>0x220</size>
         <input_file_ref idref="fl-15b"/>
      </object_component>
      <object_component id="oc-1f7">
         <name>.debug_info</name>
         <load_address>0xfea9</load_address>
         <run_address>0xfea9</run_address>
         <size>0x21e</size>
         <input_file_ref idref="fl-15b"/>
      </object_component>
      <object_component id="oc-1eb">
         <name>.debug_info</name>
         <load_address>0x100c7</load_address>
         <run_address>0x100c7</run_address>
         <size>0x26e</size>
         <input_file_ref idref="fl-15b"/>
      </object_component>
      <object_component id="oc-216">
         <name>.debug_info</name>
         <load_address>0x10335</load_address>
         <run_address>0x10335</run_address>
         <size>0x218</size>
         <input_file_ref idref="fl-15c"/>
      </object_component>
      <object_component id="oc-204">
         <name>.debug_info</name>
         <load_address>0x1054d</load_address>
         <run_address>0x1054d</run_address>
         <size>0x11f</size>
         <input_file_ref idref="fl-15c"/>
      </object_component>
      <object_component id="oc-189">
         <name>.debug_info</name>
         <load_address>0x1066c</load_address>
         <run_address>0x1066c</run_address>
         <size>0x1f2</size>
         <input_file_ref idref="fl-15c"/>
      </object_component>
      <object_component id="oc-119">
         <name>.debug_info</name>
         <load_address>0x1085e</load_address>
         <run_address>0x1085e</run_address>
         <size>0x237</size>
         <input_file_ref idref="fl-15c"/>
      </object_component>
      <object_component id="oc-183">
         <name>.debug_info</name>
         <load_address>0x10a95</load_address>
         <run_address>0x10a95</run_address>
         <size>0x239</size>
         <input_file_ref idref="fl-15c"/>
      </object_component>
      <object_component id="oc-11f">
         <name>.debug_info</name>
         <load_address>0x10cce</load_address>
         <run_address>0x10cce</run_address>
         <size>0x262</size>
         <input_file_ref idref="fl-15c"/>
      </object_component>
      <object_component id="oc-12b">
         <name>.debug_info</name>
         <load_address>0x10f30</load_address>
         <run_address>0x10f30</run_address>
         <size>0x20c</size>
         <input_file_ref idref="fl-15c"/>
      </object_component>
      <object_component id="oc-df">
         <name>.debug_info</name>
         <load_address>0x1113c</load_address>
         <run_address>0x1113c</run_address>
         <size>0x27e</size>
         <input_file_ref idref="fl-15c"/>
      </object_component>
      <object_component id="oc-177">
         <name>.debug_info</name>
         <load_address>0x113ba</load_address>
         <run_address>0x113ba</run_address>
         <size>0x20b</size>
         <input_file_ref idref="fl-15c"/>
      </object_component>
      <object_component id="oc-17d">
         <name>.debug_info</name>
         <load_address>0x115c5</load_address>
         <run_address>0x115c5</run_address>
         <size>0x220</size>
         <input_file_ref idref="fl-15c"/>
      </object_component>
      <object_component id="oc-247">
         <name>.debug_info</name>
         <load_address>0x117e5</load_address>
         <run_address>0x117e5</run_address>
         <size>0x1ec</size>
         <input_file_ref idref="fl-15d"/>
      </object_component>
      <object_component id="oc-144">
         <name>.debug_info</name>
         <load_address>0x119d1</load_address>
         <run_address>0x119d1</run_address>
         <size>0x1c5</size>
         <input_file_ref idref="fl-15d"/>
      </object_component>
      <object_component id="oc-133">
         <name>.debug_info</name>
         <load_address>0x11b96</load_address>
         <run_address>0x11b96</run_address>
         <size>0x1c3</size>
         <input_file_ref idref="fl-15d"/>
      </object_component>
      <object_component id="oc-13f">
         <name>.debug_info</name>
         <load_address>0x11d59</load_address>
         <run_address>0x11d59</run_address>
         <size>0x2da</size>
         <input_file_ref idref="fl-15d"/>
      </object_component>
      <object_component id="oc-1d0">
         <name>.debug_info</name>
         <load_address>0x12033</load_address>
         <run_address>0x12033</run_address>
         <size>0x1f6</size>
         <input_file_ref idref="fl-15d"/>
      </object_component>
      <object_component id="oc-1ca">
         <name>.debug_info</name>
         <load_address>0x12229</load_address>
         <run_address>0x12229</run_address>
         <size>0x1f2</size>
         <input_file_ref idref="fl-15d"/>
      </object_component>
      <object_component id="oc-139">
         <name>.debug_info</name>
         <load_address>0x1241b</load_address>
         <run_address>0x1241b</run_address>
         <size>0x1fc</size>
         <input_file_ref idref="fl-15d"/>
      </object_component>
      <object_component id="oc-1c4">
         <name>.debug_info</name>
         <load_address>0x12617</load_address>
         <run_address>0x12617</run_address>
         <size>0x1c9</size>
         <input_file_ref idref="fl-15d"/>
      </object_component>
      <object_component id="oc-1d6">
         <name>.debug_info</name>
[...]
         <name>testdrawrects</name>
         <value>0x20005fe3</value>
         <object_component_ref idref="oc-f7"/>
      </symbol>
      <symbol id="sm-1c3">
         <name>testfillcircles</name>
         <value>0x20006101</value>
         <object_component_ref idref="oc-f7"/>
      </symbol>
      <symbol id="sm-206">
         <name>GetCmd</name>
         <value>0x200073b3</value>
         <object_component_ref idref="oc-e4"/>
      </symbol>
      <symbol id="sm-207">
         <name>Message</name>
         <value>0x2000734f</value>
         <object_component_ref idref="oc-e4"/>
      </symbol>
      <symbol id="sm-208">
         <name>Report</name>
         <value>0x200074f1</value>
         <object_component_ref idref="oc-e4"/>
      </symbol>
      <symbol id="sm-209">
         <name>Error</name>
         <value>0x2000737b</value>
         <object_component_ref idref="oc-e4"/>
      </symbol>
      <symbol id="sm-20a">
         <name>InitTerm</name>
         <value>0x20007331</value>
         <object_component_ref idref="oc-e4"/>
      </symbol>
      <symbol id="sm-20b">
         <name>ClearTerm</name>
         <value>0x20007371</value>
         <object_component_ref idref="oc-e4"/>
      </symbol>
      <symbol id="sm-20c">
         <name>TrimSpace</name>
         <value>0x20007459</value>
         <object_component_ref idref="oc-e4"/>
      </symbol>
      <symbol id="sm-21e">
         <name>_c_int00</name>
         <value>0x200086e1</value>
         <object_component_ref idref="oc-24"/>
      </symbol>
      <symbol id="sm-21f">
         <name>__stack</name>
         <value>0x2002f800</value>
         <object_component_ref idref="oc-29"/>
      </symbol>
      <symbol id="sm-236">
         <name>__TI_decompress_none</name>
         <value>0x20008da5</value>
         <object_component_ref idref="oc-12"/>
      </symbol>
      <symbol id="sm-259">
         <name>__TI_decompress_rle24</name>
         <value>0x20008ddd</value>
         <object_component_ref idref="oc-18"/>
      </symbol>
      <symbol id="sm-26b">
         <name>__TI_zero_init</name>
         <value>0x20008dc1</value>
         <object_component_ref idref="oc-1e"/>
      </symbol>
      <symbol id="sm-28a">
         <name>C$$EXIT</name>
         <value>0x20008811</value>
         <object_component_ref idref="oc-6d"/>
      </symbol>
      <symbol id="sm-28b">
         <name>abort</name>
         <value>0x20008815</value>
         <object_component_ref idref="oc-6d"/>
      </symbol>
      <symbol id="sm-28c">
         <name>exit</name>
         <value>0x2000881d</value>
         <object_component_ref idref="oc-6d"/>
      </symbol>
      <symbol id="sm-28d">
         <name>__TI_dtors_ptr</name>
         <value>0x20017960</value>
         <object_component_ref idref="oc-aa"/>
      </symbol>
      <symbol id="sm-28e">
         <name>__TI_cleanup_ptr</name>
         <value>0x2001795c</value>
         <object_component_ref idref="oc-aa"/>
      </symbol>
      <symbol id="sm-2a9">
         <name>memcpy</name>
         <value>0x20007fd9</value>
         <object_component_ref idref="oc-36"/>
      </symbol>
      <symbol id="sm-2aa">
         <name>__aeabi_memcpy</name>
         <value>0x20007fd9</value>
         <object_component_ref idref="oc-36"/>
      </symbol>
      <symbol id="sm-2ab">
         <name>__aeabi_memcpy8</name>
         <value>0x20007fd9</value>
         <object_component_ref idref="oc-36"/>
      </symbol>
      <symbol id="sm-2ac">
         <name>__aeabi_memcpy4</name>
         <value>0x20007fd9</value>
         <object_component_ref idref="oc-36"/>
      </symbol>
      <symbol id="sm-2bc">
         <name>memmove</name>
         <value>0x20008b3d</value>
         <object_component_ref idref="oc-1a1"/>
      </symbol>
      <symbol id="sm-333">
         <name>_sys_memory</name>
         <value>0x20017000</value>
         <object_component_ref idref="oc-2a"/>
      </symbol>
      <symbol id="sm-334">
         <name>free</name>
         <value>0x2000704b</value>
         <object_component_ref idref="oc-1a7"/>
      </symbol>
      <symbol id="sm-335">
         <name>realloc</name>
         <value>0x2000710d</value>
         <object_component_ref idref="oc-1a7"/>
      </symbol>
      <symbol id="sm-336">
         <name>memalign</name>
         <value>0x20007219</value>
         <object_component_ref idref="oc-1a7"/>
      </symbol>
      <symbol id="sm-337">
         <name>calloc</name>
         <value>0x200072fd</value>
         <object_component_ref idref="oc-1a7"/>
      </symbol>
      <symbol id="sm-338">
         <name>malloc</name>
         <value>0x20006fe3</value>
         <object_component_ref idref="oc-1a7"/>
      </symbol>
      <symbol id="sm-339">
         <name>minit</name>
         <value>0x20006f55</value>
         <object_component_ref idref="oc-1a7"/>
      </symbol>
      <symbol id="sm-348">
         <name>__aeabi_memset</name>
         <value>0x200083b7</value>
         <object_component_ref idref="oc-4f"/>
      </symbol>
      <symbol id="sm-349">
         <name>memset</name>
         <value>0x200083bd</value>
         <object_component_ref idref="oc-4f"/>
      </symbol>
      <symbol id="sm-34a">
         <name>__aeabi_memset8</name>
         <value>0x200083b7</value>
         <object_component_ref idref="oc-4f"/>
      </symbol>
      <symbol id="sm-34b">
         <name>__aeabi_memset4</name>
         <value>0x200083b7</value>
         <object_component_ref idref="oc-4f"/>
      </symbol>
      <symbol id="sm-34c">
         <name>__aeabi_memclr8</name>
         <value>0x200083b5</value>
         <object_component_ref idref="oc-4f"/>
      </symbol>
      <symbol id="sm-34d">
         <name>__aeabi_memclr4</name>
         <value>0x200083b5</value>
         <object_component_ref idref="oc-4f"/>
      </symbol>
      <symbol id="sm-34e">
         <name>__aeabi_memclr</name>
         <value>0x200083b5</value>
         <object_component_ref idref="oc-4f"/>
      </symbol>
      <symbol id="sm-358">
         <name>_system_pre_init</name>
         <value>0x20008de3</value>
         <object_component_ref idref="oc-5b"/>
      </symbol>
      <symbol id="sm-360">
         <name>main_func_sp</name>
         <value>0x20017970</value>
         <object_component_ref idref="oc-73"/>
      </symbol>
      <symbol id="sm-36e">
         <name>strlen</name>
         <value>0x20008d91</value>
         <object_component_ref idref="oc-19b"/>
      </symbol>
      <symbol id="sm-38f">
         <name>vsnprintf</name>
         <value>0x20008221</value>
         <object_component_ref idref="oc-18f"/>
      </symbol>
      <symbol id="sm-3a8">
         <name>_nop</name>
         <value>0x20008d8b</value>
         <object_component_ref idref="oc-150"/>
      </symbol>
      <symbol id="sm-3a9">
         <name>_lock</name>
         <value>0x20017954</value>
         <object_component_ref idref="oc-a7"/>
      </symbol>
      <symbol id="sm-3aa">
         <name>_unlock</name>
         <value>0x20017958</value>
         <object_component_ref idref="oc-a7"/>
      </symbol>
      <symbol id="sm-3ab">
         <name>_register_lock</name>
         <value>0x20008d83</value>
         <object_component_ref idref="oc-150"/>
      </symbol>
      <symbol id="sm-3ac">
         <name>_register_unlock</name>
         <value>0x20008d7d</value>
         <object_component_ref idref="oc-150"/>
      </symbol>
      <symbol id="sm-4b1">
         <name>__TI_printfi</name>
         <value>0x200051b5</value>
         <object_component_ref idref="oc-226"/>
      </symbol>
      <symbol id="sm-4c6">
         <name>_args_main</name>
         <value>0x20008ce5</value>
         <object_component_ref idref="oc-67"/>
      </symbol>
      <symbol id="sm-4dc">
         <name>atoi</name>
         <value>0x20008731</value>
         <object_component_ref idref="oc-2bc"/>
      </symbol>
      <symbol id="sm-502">
         <name>__TI_auto_init</name>
         <value>0x200084a5</value>
         <object_component_ref idref="oc-61"/>
      </symbol>
      <symbol id="sm-51c">
         <name>copy_in</name>
         <value>0x2000877d</value>
         <object_component_ref idref="oc-97"/>
      </symbol>
      <symbol id="sm-527">
         <name>_ctypes_</name>
         <value>0x200097de</value>
         <object_component_ref idref="oc-303"/>
      </symbol>
      <symbol id="sm-54b">
         <name>__aeabi_dsub</name>
         <value>0x200077a5</value>
         <object_component_ref idref="oc-299"/>
      </symbol>
      <symbol id="sm-54c">
         <name>__aeabi_dadd</name>
         <value>0x200077af</value>
         <object_component_ref idref="oc-299"/>
      </symbol>
      <symbol id="sm-573">
         <name>__aeabi_cdcmpeq</name>
         <value>0x200082a9</value>
         <object_component_ref idref="oc-275"/>
      </symbol>
      <symbol id="sm-574">
         <name>__aeabi_cdcmple</name>
         <value>0x200082a9</value>
         <object_component_ref idref="oc-275"/>
      </symbol>
      <symbol id="sm-575">
         <name>__aeabi_cdrcmple</name>
         <value>0x2000832f</value>
         <object_component_ref idref="oc-284"/>
      </symbol>
      <symbol id="sm-595">
         <name>__aeabi_ddiv</name>
         <value>0x2000795b</value>
         <object_component_ref idref="oc-27f"/>
      </symbol>
      <symbol id="sm-5ac">
         <name>__aeabi_dmul</name>
         <value>0x20007cd5</value>
         <object_component_ref idref="oc-27a"/>
      </symbol>
      <symbol id="sm-5ba">
         <name>__aeabi_d2iz</name>
         <value>0x200087c9</value>
         <object_component_ref idref="oc-289"/>
      </symbol>
      <symbol id="sm-5c7">
         <name>frexp</name>
         <value>0x20008ac5</value>
         <object_component_ref idref="oc-29e"/>
      </symbol>
      <symbol id="sm-5d3">
         <name>__aeabi_i2d</name>
         <value>0x20008a3d</value>
         <object_component_ref idref="oc-294"/>
      </symbol>
      <symbol id="sm-5e4">
         <name>ldexp</name>
         <value>0x2000868f</value>
         <object_component_ref idref="oc-2a4"/>
      </symbol>
      <symbol id="sm-5f3">
         <name>ltoa</name>
         <value>0x20008639</value>
         <object_component_ref idref="oc-28e"/>
      </symbol>
      <symbol id="sm-603">
         <name>memccpy</name>
         <value>0x20008c1b</value>
         <object_component_ref idref="oc-2b6"/>
      </symbol>
      <symbol id="sm-613">
         <name>strchr</name>
         <value>0x20008d3f</value>
         <object_component_ref idref="oc-2aa"/>
      </symbol>
      <symbol id="sm-63d">
         <name>__aeabi_uldivmod</name>
         <value>0x200075b1</value>
         <object_component_ref idref="oc-270"/>
      </symbol>
      <symbol id="sm-64b">
         <name>_Dclass</name>
         <value>0x200089dd</value>
         <object_component_ref idref="oc-2b0"/>
      </symbol>
      <symbol id="sm-66c">
         <name>_Dscale</name>
         <value>0x20007bc5</value>
         <object_component_ref idref="oc-2ef"/>
      </symbol>
      <symbol id="sm-680">
         <name>_Dunscale</name>
         <value>0x2000857b</value>
         <object_component_ref idref="oc-2e7"/>
      </symbol>
      <symbol id="sm-68f">
         <name>_Feraise</name>
         <value>0x20008a0d</value>
         <object_component_ref idref="oc-2f5"/>
      </symbol>
      <symbol id="sm-69f">
         <name>_Rteps</name>
         <value>0x20017910</value>
         <object_component_ref idref="oc-31e"/>
      </symbol>
      <symbol id="sm-6a0">
         <name>_Zero</name>
         <value>0x20017928</value>
         <object_component_ref idref="oc-31e"/>
      </symbol>
      <symbol id="sm-6a1">
         <name>_Hugeval</name>
         <value>0x200178d0</value>
         <object_component_ref idref="oc-31e"/>
      </symbol>
      <symbol id="sm-6a2">
         <name>_Snan</name>
         <value>0x20017900</value>
         <object_component_ref idref="oc-31e"/>
      </symbol>
      <symbol id="sm-6a3">
         <name>_Nan</name>
         <value>0x200178f0</value>
         <object_component_ref idref="oc-31e"/>
      </symbol>
      <symbol id="sm-6a4">
         <name>_Inf</name>
         <value>0x200178e0</value>
         <object_component_ref idref="oc-31e"/>
      </symbol>
      <symbol id="sm-6a5">
         <name>_Xbig</name>
         <value>0x20017920</value>
         <object_component_ref idref="oc-31e"/>
      </symbol>
      <symbol id="sm-6a6">
         <name>_Eps</name>
         <value>0x200178c0</value>
         <object_component_ref idref="oc-31e"/>
      </symbol>
      <symbol id="sm-6a7">
         <name>_Denorm</name>
         <value>0x200178b0</value>
         <object_component_ref idref="oc-31e"/>
      </symbol>
      <symbol id="sm-6af">
         <name>_Errno</name>
         <value>0x2001796c</value>
         <object_component_ref idref="oc-329"/>
      </symbol>
      <symbol id="sm-6cd">
         <name>feraiseexcept</name>
         <value>0x20008949</value>
         <object_component_ref idref="oc-323"/>
      </symbol>
      <symbol id="sm-6ce">
         <name>_Tls_setup__Fenv</name>
         <value>0x20017968</value>
         <object_component_ref idref="oc-34f"/>
      </symbol>
      <symbol id="sm-6cf">
         <name>_Fenv</name>
         <value>0x20017964</value>
         <object_component_ref idref="oc-34f"/>
      </symbol>
      <symbol id="sm-6e3">
         <name>raise</name>
         <value>0x20008a6b</value>
         <object_component_ref idref="oc-349"/>
      </symbol>
      <symbol id="sm-6fd">
         <name>signal</name>
         <value>0x20008895</value>
         <object_component_ref idref="oc-359"/>
      </symbol>
      <symbol id="sm-712">
         <name>_Dnorm</name>
         <value>0x20007dd1</value>
         <object_component_ref idref="oc-314"/>
      </symbol>
      <symbol id="sm-726">
         <name>GPIODirModeSet</name>
         <value>0x20008911</value>
         <object_component_ref idref="oc-1f0"/>
      </symbol>
      <symbol id="sm-727">
         <name>GPIOPinWrite</name>
         <value>0x20008b83</value>
         <object_component_ref idref="oc-1bb"/>
      </symbol>
      <symbol id="sm-75e">
         <name>IntVTableBaseSet</name>
         <value>0x20008d69</value>
         <object_component_ref idref="oc-cc"/>
      </symbol>
      <symbol id="sm-75f">
         <name>IntEnable</name>
         <value>0x20007e91</value>
         <object_component_ref idref="oc-d8"/>
      </symbol>
      <symbol id="sm-760">
         <name>IntMasterEnable</name>
         <value>0x20008dcd</value>
         <object_component_ref idref="oc-d2"/>
      </symbol>
      <symbol id="sm-79f">
         <name>PinTypeUART</name>
         <value>0x20008c51</value>
         <object_component_ref idref="oc-1fc"/>
      </symbol>
      <symbol id="sm-7a0">
         <name>PinTypeGPIO</name>
         <value>0x2000897d</value>
         <object_component_ref idref="oc-1ea"/>
      </symbol>
      <symbol id="sm-7a1">
         <name>PinConfigSet</name>
         <value>0x20008199</value>
         <object_component_ref idref="oc-253"/>
      </symbol>
      <symbol id="sm-7a2">
         <name>PinTypeSPI</name>
         <value>0x20008c37</value>
         <object_component_ref idref="oc-1f6"/>
      </symbol>
      <symbol id="sm-7a3">
         <name>PinModeSet</name>
         <value>0x20008855</value>
         <object_component_ref idref="oc-259"/>
      </symbol>
      <symbol id="sm-825">
         <name>PRCMPeripheralReset</name>
         <value>0x200085e1</value>
         <object_component_ref idref="oc-12a"/>
      </symbol>
      <symbol id="sm-826">
         <name>PRCMPeripheralClkEnable</name>
         <value>0x200088d5</value>
         <object_component_ref idref="oc-118"/>
      </symbol>
      <symbol id="sm-827">
         <name>PRCMPeripheralClockGet</name>
         <value>0x20008075</value>
         <object_component_ref idref="oc-11e"/>
      </symbol>
      <symbol id="sm-828">
         <name>PRCMCC3200MCUInit</name>
         <value>0x20007a91</value>
         <object_component_ref idref="oc-de"/>
      </symbol>
      <symbol id="sm-829">
         <name>PRCMHIBRegWrite</name>
         <value>0x20008d13</value>
         <object_component_ref idref="oc-17c"/>
      </symbol>
      <symbol id="sm-82a">
         <name>PRCMSysResetCauseGet</name>
         <value>0x20008a99</value>
         <object_component_ref idref="oc-188"/>
      </symbol>
      <symbol id="sm-82b">
         <name>PRCMPeripheralClkDisable</name>
         <value>0x20008af1</value>
         <object_component_ref idref="oc-182"/>
      </symbol>
      <symbol id="sm-82c">
         <name>PRCMHIBRegRead</name>
         <value>0x20008cfd</value>
         <object_component_ref idref="oc-176"/>
      </symbol>
      <symbol id="sm-879">
         <name>SPICSEnable</name>
         <value>0x20008c9d</value>
         <object_component_ref idref="oc-1c1"/>
      </symbol>
      <symbol id="sm-87a">
         <name>SPIFIFOEnable</name>
         <value>0x20008c6b</value>
         <object_component_ref idref="oc-136"/>
      </symbol>
      <symbol id="sm-87b">
         <name>SPIDataPut</name>
         <value>0x20008bc3</value>
         <object_component_ref idref="oc-1c7"/>
      </symbol>
      <symbol id="sm-87c">
         <name>SPIEnable</name>
         <value>0x20008cb5</value>
         <object_component_ref idref="oc-142"/>
      </symbol>
      <symbol id="sm-87d">
         <name>SPIDataGet</name>
         <value>0x20008ba3</value>
         <object_component_ref idref="oc-1cd"/>
      </symbol>
      <symbol id="sm-87e">
         <name>SPIConfigSetExpClk</name>
         <value>0x20007f39</value>
         <object_component_ref idref="oc-13c"/>
      </symbol>
      <symbol id="sm-87f">
         <name>SPIReset</name>
         <value>0x20008b61</value>
         <object_component_ref idref="oc-130"/>
      </symbol>
      <symbol id="sm-880">
         <name>SPICSDisable</name>
         <value>0x20008c85</value>
         <object_component_ref idref="oc-1d3"/>
      </symbol>
      <symbol id="sm-8c5">
         <name>UARTConfigSetExpClk</name>
         <value>0x2000842f</value>
         <object_component_ref idref="oc-124"/>
      </symbol>
      <symbol id="sm-8c6">
         <name>UARTDisable</name>
         <value>0x200089ad</value>
         <object_component_ref idref="oc-208"/>
      </symbol>
      <symbol id="sm-8c7">
         <name>UARTCharsAvail</name>
         <value>0x20008ccd</value>
         <object_component_ref idref="oc-100"/>
      </symbol>
      <symbol id="sm-8c8">
         <name>UARTCharGetNonBlocking</name>
         <value>0x20008bff</value>
         <object_component_ref idref="oc-195"/>
      </symbol>
      <symbol id="sm-8c9">
         <name>UARTCharPut</name>
         <value>0x20008be1</value>
         <object_component_ref idref="oc-10c"/>
      </symbol>
      <symbol id="sm-8ca">
         <name>UARTEnable</name>
         <value>0x20008b19</value>
         <object_component_ref idref="oc-20e"/>
      </symbol>
      <symbol id="sm-8cb">
         <name>UARTCharGet</name>
         <value>0x20008d29</value>
         <object_component_ref idref="oc-106"/>
      </symbol>
      <symbol id="sm-8cf">
         <name>UtilsDelay</name>
         <value>0x20008dd7</value>
         <object_component_ref idref="oc-f6"/>
      </symbol>
      <symbol id="sm-8d9">
         <name>CPUcpsie</name>
         <value>0x20008d55</value>
         <object_component_ref idref="oc-166"/>
      </symbol>
      <symbol id="sm-8df">
         <name>__TI_static_base__</name>
         <value>0x20009b08</value>
      </symbol>
      <symbol id="sm-8e2">
         <name>SHT$$INIT_ARRAY$$Limit</name>
         <value>0x0</value>
      </symbol>
      <symbol id="sm-8e3">
         <name>SHT$$INIT_ARRAY$$Base</name>
         <value>0x0</value>
      </symbol>
   </symbol_table>
   <title>Link successful</title>
</link_info>
